<html>
<body>
<pre>
<h1>礦ision Build Log</h1>
<h2>Tool Versions:</h2>
IDE-Version: μVision V5.25.0.0
Copyright (C) 2017 ARM Ltd and ARM Germany GmbH. All rights reserved.
License Information: Zhang Lenovo, HFUT, LIC=SDA0P-MHIBK-PC9J8-3KZF9-98MHA-U4FDI
 
Tool Versions:
Toolchain:       MDK-ARM Plus  Version: 5.25.0.0
Toolchain Path:  D:\Keil5\Keil_v5\ARM\ARMCC\Bin
C Compiler:      Armcc.exe V5.06 update 7 (build 960)
Assembler:       Armasm.exe V5.06 update 7 (build 960)
Linker/Locator:  ArmLink.exe V5.06 update 7 (build 960)
Library Manager: ArmAr.exe V5.06 update 7 (build 960)
Hex Converter:   FromElf.exe V5.06 update 7 (build 960)
CPU DLL:         SARMCM3.DLL V5.25.0.0
Dialog DLL:      DCM.DLL V1.17.0.0
Target DLL:      UL2CM3.DLL V1.160.6.0
Dialog DLL:      TCM.DLL V1.34.0.0
 
<h2>Project:</h2>
E:\金士顿 Kingston DataTraveler & 希捷 Seagate Expansion Drive\#张畅同志的大学个人资料\#班级&学习资料\20260513工程训练项目式课程\Self_Balancing_Car_Code\MySelf\USER\Myselfl.uvprojx
Project File Date:  06/23/2026

<h2>Output:</h2>
*** Using Compiler 'V5.06 update 7 (build 960)', folder: 'D:\Keil5\Keil_v5\ARM\ARMCC\Bin'
Rebuild target 'bluetooth_control'
compiling stm32f10x_it.c...
compiling system_stm32f10x.c...
compiling stm32f10x_bkp.c...
compiling stm32f10x_cec.c...
compiling main.c...
compiling misc.c...
compiling core_cm3.c...
compiling stm32f10x_dma.c...
compiling stm32f10x_gpio.c...
compiling stm32f10x_crc.c...
compiling stm32f10x_adc.c...
assembling startup_stm32f10x_hd.s...
compiling stm32f10x_pwr.c...
compiling stm32f10x_rcc.c...
compiling stm32f10x_dac.c...
compiling stm32f10x_i2c.c...
compiling stm32f10x_wwdg.c...
compiling stm32f10x_can.c...
compiling delay.c...
compiling stm32f10x_flash.c...
compiling stm32f10x_fsmc.c...
compiling stm32f10x_iwdg.c...
compiling stm32f10x_dbgmcu.c...
compiling stm32f10x_rtc.c...
compiling stm32f10x_exti.c...
compiling stm32f10x_sdio.c...
compiling stm32f10x_usart.c...
compiling stm32f10x_spi.c...
compiling oled_fonts.c...
compiling stm32f10x_tim.c...
compiling filter.c...
..\APP\filter\filter.c(14): warning:  #550-D: variable "angle_dot"  was set but never used
  	static float angle_dot;
..\APP\filter\filter.c(84): warning:  #550-D: variable "angle_dot"  was set but never used
  	static float angle_dot;
..\APP\filter\filter.c: 2 warnings, 0 errors
compiling encoder.c...
compiling IOI2C.c...
compiling motor.c...
compiling mpu6050.c...
compiling bsp_oled_i2c.c...
compiling bsp.c...
compiling bsp_battery.c...
compiling bsp_beep.c...
compiling usart.c...
compiling intsever.c...
compiling bsp_LED.c...
compiling bsp_oled.c...
compiling bsp_usart2.c...
compiling bsp_timer.c...
compiling bsp_key.c...
compiling bsp_bluetooth.c...
compiling bsp_ultrasonic.c...
compiling app_control.c...
compiling app_motor.c...
compiling pid_control.c...
compiling app_k210.c...
compiling app_bluetooth.c...
compiling KF.c...
compiling inv_mpu_dmp_motion_driver.c...
compiling inv_mpu.c...
linking...
Program Size: Code=37900 RO-data=14308 RW-data=660 ZI-data=2092  
FromELF: creating hex file...
"..\OBJ\bluetooth_control.axf" - 0 Error(s), 2 Warning(s).

<h2>Software Packages used:</h2>

Package Vendor: Keil
                https://www.keil.com/pack/Keil.STM32F1xx_DFP.2.4.1.pack
                Keil.STM32F1xx_DFP.2.4.1
                STMicroelectronics STM32F1 Series Device Support, Drivers and Examples

<h2>Collection of Component include folders:</h2>
  .\RTE\_bluetooth_control
  D:\Keil5\Keil_v5\ARM\PACK\Keil\STM32F1xx_DFP\2.4.1\Device\Include

<h2>Collection of Component Files used:</h2>
Build Time Elapsed:  00:00:08
</pre>
</body>
</html>
