<html>
<body>
<pre>
<h1>礦ision Build Log</h1>
<h2>Tool Versions:</h2>
IDE-Version: μVision V5.25.0.0
Copyright (C) 2017 ARM Ltd and ARM Germany GmbH. All rights reserved.
License Information: Zhang Lenovo, HFUT, LIC=SDA0P-MHIBK-PC9J8-3KZF9-98MHA-U4FDI
 
Tool Versions:
Toolchain:       MDK-ARM Plus  Version: 5.25.0.0
Toolchain Path:  D:\Keil5\Keil_v5\ARM\ARMCC\Bin
C Compiler:      Armcc.exe V5.06 update 7 (build 960)
Assembler:       Armasm.exe V5.06 update 7 (build 960)
Linker/Locator:  ArmLink.exe V5.06 update 7 (build 960)
Library Manager: ArmAr.exe V5.06 update 7 (build 960)
Hex Converter:   FromElf.exe V5.06 update 7 (build 960)
CPU DLL:         SARMCM3.DLL V5.25.0.0
Dialog DLL:      DCM.DLL V1.17.0.0
Target DLL:      UL2CM3.DLL V1.160.6.0
Dialog DLL:      TCM.DLL V1.34.0.0
 
<h2>Project:</h2>
E:\金士顿 Kingston DataTraveler & 希捷 Seagate Expansion Drive\#张畅同志的大学个人资料\#班级&学习资料\20260513工程训练项目式课程\#任务提交\环节 (3)\3.Motor\USER\Motor.uvprojx
Project File Date:  06/19/2026

<h2>Output:</h2>
*** Using Compiler 'V5.06 update 7 (build 960)', folder: 'D:\Keil5\Keil_v5\ARM\ARMCC\Bin'
Rebuild target 'Motor'
compiling stm32f10x_bkp.c...
compiling core_cm3.c...
compiling stm32f10x_it.c...
compiling main.c...
main.c(190): warning:  #223-D: function "myabs" declared implicitly
          left_rpm = Calculate_RPM(myabs(delta_left), 200);
main.c(301): warning:  #223-D: function "myabs" declared implicitly
                  left_rpm = Calculate_RPM(myabs(raw_left), CALIB_SAMPLE_TIME / CALIB_SPEED_COUNT);
main.c(383): warning:  #223-D: function "myabs" declared implicitly
                      raw_left = myabs(Read_Speed_Left());
main.c(743): warning:  #1-D: last line of file ends without a newline
  }
main.c: 4 warnings, 0 errors
compiling stm32f10x_exti.c...
compiling stm32f10x_dma.c...
compiling stm32f10x_adc.c...
compiling system_stm32f10x.c...
compiling stm32f10x_can.c...
compiling stm32f10x_tim.c...
compiling bsp.c...
assembling startup_stm32f10x_hd.s...
compiling stm32f10x_dac.c...
compiling bsp_LED.c...
compiling stm32f10x_dbgmcu.c...
compiling stm32f10x_sdio.c...
compiling stm32f10x_pwr.c...
compiling stm32f10x_wwdg.c...
compiling stm32f10x_crc.c...
compiling stm32f10x_iwdg.c...
compiling stm32f10x_spi.c...
compiling stm32f10x_gpio.c...
compiling stm32f10x_i2c.c...
compiling stm32f10x_rcc.c...
compiling stm32f10x_rtc.c...
compiling stm32f10x_fsmc.c...
compiling delay.c...
compiling stm32f10x_cec.c...
compiling stm32f10x_flash.c...
compiling misc.c...
compiling stm32f10x_usart.c...
compiling usart.c...
compiling motor.c...
compiling bsp_key.c...
compiling encoder.c...
compiling app_motor.c...
linking...
Program Size: Code=16732 RO-data=528 RW-data=92 ZI-data=1780  
FromELF: creating hex file...
"..\OBJ\Motor.axf" - 0 Error(s), 4 Warning(s).

<h2>Software Packages used:</h2>

Package Vendor: Keil
                https://www.keil.com/pack/Keil.STM32F1xx_DFP.2.4.1.pack
                Keil.STM32F1xx_DFP.2.4.1
                STMicroelectronics STM32F1 Series Device Support, Drivers and Examples

<h2>Collection of Component include folders:</h2>
  .\RTE\_Motor
  D:\Keil5\Keil_v5\ARM\PACK\Keil\STM32F1xx_DFP\2.4.1\Device\Include

<h2>Collection of Component Files used:</h2>
Build Time Elapsed:  00:00:05
</pre>
</body>
</html>
