Component: ARM Compiler 5.06 update 7 (build 960) Tool: armlink [4d3601]

==============================================================================

Section Cross References

    main.o(i.main) refers to bsp.o(i.bsp_init) for bsp_init
    main.o(i.main) refers to intsever.o(i.MPU6050_EXTI_Init) for MPU6050_EXTI_Init
    main.o(i.main) refers to bsp_oled.o(i.OLED_Draw_Line) for OLED_Draw_Line
    main.o(i.main) refers to bsp_key.o(i.Key1_State) for Key1_State
    main.o(i.main) refers to delay.o(i.delay_ms) for delay_ms
    main.o(i.main) refers to app_k210.o(i.Change_state) for Change_state
    main.o(i.main) refers to bsp_51_usart.o(i.USART3_51_SendByte) for USART3_51_SendByte
    main.o(i.main) refers to app_bluetooth.o(i.ProtocolCpyData) for ProtocolCpyData
    main.o(i.main) refers to app_bluetooth.o(i.Protocol) for Protocol
    main.o(i.main) refers to app_bluetooth.o(i.SendAutoUp) for SendAutoUp
    main.o(i.main) refers to f2d.o(.text) for __aeabi_f2d
    main.o(i.main) refers to printfa.o(i.__0sprintf) for __2sprintf
    main.o(i.main) refers to main.o(.data) for Mid_Angle
    main.o(i.main) refers to app_bluetooth.o(.data) for newLineReceived
    main.o(i.main) refers to bsp_timer.o(.data) for bulettohflag
    main.o(i.main) refers to main.o(.bss) for showbuf
    system_stm32f10x.o(i.SetSysClock) refers to system_stm32f10x.o(i.SetSysClockTo72) for SetSysClockTo72
    system_stm32f10x.o(i.SystemCoreClockUpdate) refers to system_stm32f10x.o(.data) for SystemCoreClock
    system_stm32f10x.o(i.SystemInit) refers to system_stm32f10x.o(i.SetSysClock) for SetSysClock
    startup_stm32f10x_hd.o(RESET) refers to startup_stm32f10x_hd.o(STACK) for __initial_sp
    startup_stm32f10x_hd.o(RESET) refers to startup_stm32f10x_hd.o(.text) for Reset_Handler
    startup_stm32f10x_hd.o(RESET) refers to stm32f10x_it.o(i.NMI_Handler) for NMI_Handler
    startup_stm32f10x_hd.o(RESET) refers to stm32f10x_it.o(i.HardFault_Handler) for HardFault_Handler
    startup_stm32f10x_hd.o(RESET) refers to stm32f10x_it.o(i.MemManage_Handler) for MemManage_Handler
    startup_stm32f10x_hd.o(RESET) refers to stm32f10x_it.o(i.BusFault_Handler) for BusFault_Handler
    startup_stm32f10x_hd.o(RESET) refers to stm32f10x_it.o(i.UsageFault_Handler) for UsageFault_Handler
    startup_stm32f10x_hd.o(RESET) refers to stm32f10x_it.o(i.SVC_Handler) for SVC_Handler
    startup_stm32f10x_hd.o(RESET) refers to stm32f10x_it.o(i.DebugMon_Handler) for DebugMon_Handler
    startup_stm32f10x_hd.o(RESET) refers to stm32f10x_it.o(i.PendSV_Handler) for PendSV_Handler
    startup_stm32f10x_hd.o(RESET) refers to stm32f10x_it.o(i.SysTick_Handler) for SysTick_Handler
    startup_stm32f10x_hd.o(RESET) refers to bsp_ultrasonic.o(i.TIM2_IRQHandler) for TIM2_IRQHandler
    startup_stm32f10x_hd.o(RESET) refers to encoder.o(i.TIM3_IRQHandler) for TIM3_IRQHandler
    startup_stm32f10x_hd.o(RESET) refers to encoder.o(i.TIM4_IRQHandler) for TIM4_IRQHandler
    startup_stm32f10x_hd.o(RESET) refers to usart.o(i.USART1_IRQHandler) for USART1_IRQHandler
    startup_stm32f10x_hd.o(RESET) refers to bsp_usart2.o(i.USART2_IRQHandler) for USART2_IRQHandler
    startup_stm32f10x_hd.o(RESET) refers to bsp_51_usart.o(i.USART3_IRQHandler) for USART3_IRQHandler
    startup_stm32f10x_hd.o(RESET) refers to app_control.o(i.EXTI15_10_IRQHandler) for EXTI15_10_IRQHandler
    startup_stm32f10x_hd.o(RESET) refers to bsp_bluetooth.o(i.UART5_IRQHandler) for UART5_IRQHandler
    startup_stm32f10x_hd.o(RESET) refers to bsp_timer.o(i.TIM6_IRQHandler) for TIM6_IRQHandler
    startup_stm32f10x_hd.o(.text) refers to system_stm32f10x.o(i.SystemInit) for SystemInit
    startup_stm32f10x_hd.o(.text) refers to entry.o(.ARM.Collect$$$$00000000) for __main
    stm32f10x_adc.o(i.ADC_DeInit) refers to stm32f10x_rcc.o(i.RCC_APB2PeriphResetCmd) for RCC_APB2PeriphResetCmd
    stm32f10x_bkp.o(i.BKP_DeInit) refers to stm32f10x_rcc.o(i.RCC_BackupResetCmd) for RCC_BackupResetCmd
    stm32f10x_can.o(i.CAN_DeInit) refers to stm32f10x_rcc.o(i.RCC_APB1PeriphResetCmd) for RCC_APB1PeriphResetCmd
    stm32f10x_can.o(i.CAN_GetITStatus) refers to stm32f10x_can.o(i.CheckITStatus) for CheckITStatus
    stm32f10x_cec.o(i.CEC_DeInit) refers to stm32f10x_rcc.o(i.RCC_APB1PeriphResetCmd) for RCC_APB1PeriphResetCmd
    stm32f10x_dac.o(i.DAC_DeInit) refers to stm32f10x_rcc.o(i.RCC_APB1PeriphResetCmd) for RCC_APB1PeriphResetCmd
    stm32f10x_flash.o(i.FLASH_EnableWriteProtection) refers to stm32f10x_flash.o(i.FLASH_WaitForLastOperation) for FLASH_WaitForLastOperation
    stm32f10x_flash.o(i.FLASH_EraseAllBank1Pages) refers to stm32f10x_flash.o(i.FLASH_WaitForLastBank1Operation) for FLASH_WaitForLastBank1Operation
    stm32f10x_flash.o(i.FLASH_EraseAllPages) refers to stm32f10x_flash.o(i.FLASH_WaitForLastOperation) for FLASH_WaitForLastOperation
    stm32f10x_flash.o(i.FLASH_EraseOptionBytes) refers to stm32f10x_flash.o(i.FLASH_GetReadOutProtectionStatus) for FLASH_GetReadOutProtectionStatus
[...]
    __aeabi_memcpy4                          0x080001cf   Thumb Code     0  memcpya.o(.text)
    __aeabi_memcpy8                          0x080001cf   Thumb Code     0  memcpya.o(.text)
    __aeabi_memset                           0x080001f3   Thumb Code    14  memseta.o(.text)
    __aeabi_memset4                          0x080001f3   Thumb Code     0  memseta.o(.text)
    __aeabi_memset8                          0x080001f3   Thumb Code     0  memseta.o(.text)
    __aeabi_memclr                           0x08000201   Thumb Code     4  memseta.o(.text)
    __aeabi_memclr4                          0x08000201   Thumb Code     0  memseta.o(.text)
    __aeabi_memclr8                          0x08000201   Thumb Code     0  memseta.o(.text)
    _memset$wrapper                          0x08000205   Thumb Code    18  memseta.o(.text)
    strcat                                   0x08000217   Thumb Code    24  strcat.o(.text)
    strlen                                   0x0800022f   Thumb Code    14  strlen.o(.text)
    strcmp                                   0x0800023d   Thumb Code    28  strcmp.o(.text)
    memcmp                                   0x08000259   Thumb Code    26  memcmp.o(.text)
    __aeabi_fadd                             0x08000273   Thumb Code   164  fadd.o(.text)
    __aeabi_fsub                             0x08000317   Thumb Code     6  fadd.o(.text)
    __aeabi_frsub                            0x0800031d   Thumb Code     6  fadd.o(.text)
    __aeabi_fmul                             0x08000323   Thumb Code   100  fmul.o(.text)
    __aeabi_fdiv                             0x08000387   Thumb Code   124  fdiv.o(.text)
    __aeabi_dadd                             0x08000403   Thumb Code   322  dadd.o(.text)
    __aeabi_dsub                             0x08000545   Thumb Code     6  dadd.o(.text)
    __aeabi_drsub                            0x0800054b   Thumb Code     6  dadd.o(.text)
    __aeabi_dmul                             0x08000551   Thumb Code   228  dmul.o(.text)
    __aeabi_ddiv                             0x08000635   Thumb Code   222  ddiv.o(.text)
    __aeabi_i2f                              0x08000713   Thumb Code    18  fflti.o(.text)
    __aeabi_ui2f                             0x08000725   Thumb Code    10  ffltui.o(.text)
    __aeabi_i2d                              0x0800072f   Thumb Code    34  dflti.o(.text)
    __aeabi_ui2d                             0x08000751   Thumb Code    26  dfltui.o(.text)
    __aeabi_f2iz                             0x0800076b   Thumb Code    50  ffixi.o(.text)
    __aeabi_f2uiz                            0x0800079d   Thumb Code    40  ffixui.o(.text)
    __aeabi_f2d                              0x080007c5   Thumb Code    38  f2d.o(.text)
    __aeabi_cdcmpeq                          0x080007ed   Thumb Code     0  cdcmple.o(.text)
    __aeabi_cdcmple                          0x080007ed   Thumb Code    48  cdcmple.o(.text)
    __aeabi_d2f                              0x0800081d   Thumb Code    56  d2f.o(.text)
    __aeabi_cfcmpeq                          0x08000855   Thumb Code     0  cfcmple.o(.text)
    __aeabi_cfcmple                          0x08000855   Thumb Code    20  cfcmple.o(.text)
    __aeabi_cfrcmple                         0x08000869   Thumb Code    20  cfrcmple.o(.text)
    __aeabi_uidiv                            0x0800087d   Thumb Code     0  uidiv.o(.text)
    __aeabi_uidivmod                         0x0800087d   Thumb Code    44  uidiv.o(.text)
    __aeabi_uldivmod                         0x080008a9   Thumb Code    98  uldiv.o(.text)
    __aeabi_llsl                             0x0800090b   Thumb Code    30  llshl.o(.text)
    _ll_shift_l                              0x0800090b   Thumb Code     0  llshl.o(.text)
    __aeabi_lasr                             0x08000929   Thumb Code    36  llsshr.o(.text)
    _ll_sshift_r                             0x08000929   Thumb Code     0  llsshr.o(.text)
    __strtod_int                             0x08000983   Thumb Code    90  strtod.o(.text)
    __I$use$fp                               0x080009e9   Thumb Code     0  iusefp.o(.text)
    _float_round                             0x080009e9   Thumb Code    18  fepilogue.o(.text)
    _float_epilogue                          0x080009fb   Thumb Code    92  fepilogue.o(.text)
    _double_round                            0x08000a57   Thumb Code    30  depilogue.o(.text)
    _double_epilogue                         0x08000a75   Thumb Code   156  depilogue.o(.text)
    __ARM_scalbn                             0x08000b11   Thumb Code    46  dscalb.o(.text)
    scalbn                                   0x08000b11   Thumb Code     0  dscalb.o(.text)
    __aeabi_d2ulz                            0x08000b3f   Thumb Code    48  dfixul.o(.text)
    __aeabi_cdrcmple                         0x08000b71   Thumb Code    48  cdrcmple.o(.text)
    __scatterload                            0x08000ba1   Thumb Code    28  init.o(.text)
    __scatterload_rt2                        0x08000ba1   Thumb Code     0  init.o(.text)
    __aeabi_llsr                             0x08000bc5   Thumb Code    32  llushr.o(.text)
    _ll_ushift_r                             0x08000bc5   Thumb Code     0  llushr.o(.text)
    isspace                                  0x08000be5   Thumb Code    10  isspace_c.o(.text)
    _scanf_real                              0x08000d19   Thumb Code     0  scanf_fp.o(.text)
    _scanf_really_real                       0x08000d19   Thumb Code   556  scanf_fp.o(.text)
    _sgetc                                   0x08000f51   Thumb Code    30  _sgetc.o(.text)
    _sbackspace                              0x08000f6f   Thumb Code    34  _sgetc.o(.text)
    _dsqrt                                   0x08000f91   Thumb Code   162  dsqrt.o(.text)
    __ctype_lookup                           0x08001035   Thumb Code    34  ctype_c.o(.text)
    __aeabi_ul2d                             0x0800105d   Thumb Code    24  dfltul.o(.text)
    __decompress                             0x08001075   Thumb Code     0  __dczerorl2.o(.text)
    __decompress1                            0x08001075   Thumb Code    86  __dczerorl2.o(.text)
    ADC_Cmd                                  0x080010cb   Thumb Code    22  stm32f10x_adc.o(i.ADC_Cmd)
    ADC_DeInit                               0x080010e1   Thumb Code    78  stm32f10x_adc.o(i.ADC_DeInit)
    ADC_GetCalibrationStatus                 0x0800113d   Thumb Code    20  stm32f10x_adc.o(i.ADC_GetCalibrationStatus)
    ADC_GetConversionValue                   0x08001151   Thumb Code     8  stm32f10x_adc.o(i.ADC_GetConversionValue)
    ADC_GetFlagStatus                        0x08001159   Thumb Code    18  stm32f10x_adc.o(i.ADC_GetFlagStatus)
    ADC_GetResetCalibrationStatus            0x0800116b   Thumb Code    20  stm32f10x_adc.o(i.ADC_GetResetCalibrationStatus)
    ADC_Init                                 0x08001181   Thumb Code    70  stm32f10x_adc.o(i.ADC_Init)
    ADC_RegularChannelConfig                 0x080011d1   Thumb Code   184  stm32f10x_adc.o(i.ADC_RegularChannelConfig)
    ADC_ResetCalibration                     0x08001289   Thumb Code    10  stm32f10x_adc.o(i.ADC_ResetCalibration)
    ADC_SoftwareStartConvCmd                 0x08001293   Thumb Code    22  stm32f10x_adc.o(i.ADC_SoftwareStartConvCmd)
    ADC_StartCalibration                     0x080012a9   Thumb Code    10  stm32f10x_adc.o(i.ADC_StartCalibration)
    BalanceCar_Motor_Init                    0x080012b5   Thumb Code    40  motor.o(i.BalanceCar_Motor_Init)
    BalanceCar_PWM_Init                      0x080012e1   Thumb Code   166  motor.o(i.BalanceCar_PWM_Init)
    Balance_PD                               0x0800138d   Thumb Code   136  pid_control.o(i.Balance_PD)
    Battery_init                             0x0800146d   Thumb Code   132  bsp_battery.o(i.Battery_init)
    BusFault_Handler                         0x080014f9   Thumb Code     4  stm32f10x_it.o(i.BusFault_Handler)
    CalcUpData                               0x080014fd   Thumb Code   544  app_bluetooth.o(i.CalcUpData)
    Change_state                             0x080017ad   Thumb Code   180  app_k210.o(i.Change_state)
    Complementary_Filter_x                   0x080018a1   Thumb Code    82  filter.o(i.Complementary_Filter_x)
    Complementary_Filter_y                   0x08001901   Thumb Code    82  filter.o(i.Complementary_Filter_y)
    DIY_NVIC_PriorityGroupConfig             0x08001961   Thumb Code    32  bsp.o(i.DIY_NVIC_PriorityGroupConfig)
    DMP_Init                                 0x08001989   Thumb Code   194  mpu6050.o(i.DMP_Init)
    Deal_K210                                0x08001b99   Thumb Code   120  app_k210.o(i.Deal_K210)
    DebugMon_Handler                         0x08001c21   Thumb Code     2  stm32f10x_it.o(i.DebugMon_Handler)
    EXTI15_10_IRQHandler                     0x08001c49   Thumb Code   188  app_control.o(i.EXTI15_10_IRQHandler)
    EXTI_Init                                0x08001d2d   Thumb Code   142  stm32f10x_exti.o(i.EXTI_Init)
    Encoder_Init_TIM3                        0x08001dc1   Thumb Code   148  encoder.o(i.Encoder_Init_TIM3)
    Encoder_Init_TIM4                        0x08001e5d   Thumb Code   148  encoder.o(i.Encoder_Init_TIM4)
    GPIO_EXTILineConfig                      0x08001ef9   Thumb Code    60  stm32f10x_gpio.o(i.GPIO_EXTILineConfig)
    GPIO_Init                                0x08001f39   Thumb Code   278  stm32f10x_gpio.o(i.GPIO_Init)
    GPIO_PinRemapConfig                      0x08002051   Thumb Code   138  stm32f10x_gpio.o(i.GPIO_PinRemapConfig)
    GPIO_ReadInputDataBit                    0x080020e1   Thumb Code    18  stm32f10x_gpio.o(i.GPIO_ReadInputDataBit)
    Get_Angle                                0x080020f5   Thumb Code   920  app_control.o(i.Get_Angle)
    Get_Battery_Volotage                     0x080024d1   Thumb Code    22  bsp_battery.o(i.Get_Battery_Volotage)
    Get_Distane                              0x080024ed   Thumb Code    94  bsp_ultrasonic.o(i.Get_Distane)
    Get_Measure_Volotage                     0x08002561   Thumb Code    30  bsp_battery.o(i.Get_Measure_Volotage)
    Get_Velocity_Form_Encoder                0x08002585   Thumb Code   228  app_motor.o(i.Get_Velocity_Form_Encoder)
    HardFault_Handler                        0x08002691   Thumb Code     4  stm32f10x_it.o(i.HardFault_Handler)
    I2C_ReadOneByte                          0x08002695   Thumb Code    70  ioi2c.o(i.I2C_ReadOneByte)
    IIC_Ack                                  0x080026dd   Thumb Code    64  ioi2c.o(i.IIC_Ack)
    IIC_MPU6050_Init                         0x08002729   Thumb Code    40  ioi2c.o(i.IIC_MPU6050_Init)
    IIC_NAck                                 0x08002755   Thumb Code    62  ioi2c.o(i.IIC_NAck)
    IIC_Read_Byte                            0x080027a1   Thumb Code    98  ioi2c.o(i.IIC_Read_Byte)
    IIC_Send_Byte                            0x08002811   Thumb Code    88  ioi2c.o(i.IIC_Send_Byte)
    IIC_Start                                0x08002875   Thumb Code    92  ioi2c.o(i.IIC_Start)
    IIC_Stop                                 0x080028dd   Thumb Code    60  ioi2c.o(i.IIC_Stop)
    IIC_Wait_Ack                             0x08002925   Thumb Code    92  ioi2c.o(i.IIC_Wait_Ack)
    IICreadByte                              0x0800298d   Thumb Code    22  ioi2c.o(i.IICreadByte)
    IICwriteBit                              0x080029a3   Thumb Code    64  ioi2c.o(i.IICwriteBit)
    IICwriteBits                             0x080029e3   Thumb Code   106  ioi2c.o(i.IICwriteBits)
    IICwriteByte                             0x08002a4d   Thumb Code    20  ioi2c.o(i.IICwriteByte)
    IICwriteBytes                            0x08002a61   Thumb Code    70  ioi2c.o(i.IICwriteBytes)
    Init_PID                                 0x08002aa9   Thumb Code    40  app_bluetooth.o(i.Init_PID)
    JTAG_Set                                 0x08002aed   Thumb Code    38  bsp.o(i.JTAG_Set)
    KF_X                                     0x08002b1d   Thumb Code   666  kf.o(i.KF_X)
    KF_Y                                     0x08002dd5   Thumb Code   666  kf.o(i.KF_Y)
    Key1_GPIO_Init                           0x0800308d   Thumb Code    34  bsp_key.o(i.Key1_GPIO_Init)
    Key1_State                               0x080030b5   Thumb Code    66  bsp_key.o(i.Key1_State)
    MPU6050_EXTI_Init                        0x0800311d   Thumb Code   108  intsever.o(i.MPU6050_EXTI_Init)
    MPU6050_initialize                       0x0800318d   Thumb Code    40  mpu6050.o(i.MPU6050_initialize)
    MPU6050_setClockSource                   0x080031b5   Thumb Code    20  mpu6050.o(i.MPU6050_setClockSource)
    MPU6050_setFullScaleAccelRange           0x080031c9   Thumb Code    20  mpu6050.o(i.MPU6050_setFullScaleAccelRange)
    MPU6050_setFullScaleGyroRange            0x080031dd   Thumb Code    20  mpu6050.o(i.MPU6050_setFullScaleGyroRange)
    MPU6050_setI2CBypassEnabled              0x080031f1   Thumb Code    18  mpu6050.o(i.MPU6050_setI2CBypassEnabled)
    MPU6050_setI2CMasterModeEnabled          0x08003203   Thumb Code    18  mpu6050.o(i.MPU6050_setI2CMasterModeEnabled)
    MPU6050_setSleepEnabled                  0x08003215   Thumb Code    18  mpu6050.o(i.MPU6050_setSleepEnabled)
    MemManage_Handler                        0x08003227   Thumb Code     4  stm32f10x_it.o(i.MemManage_Handler)
    NMI_Handler                              0x0800322b   Thumb Code     2  stm32f10x_it.o(i.NMI_Handler)
    NVIC_Init                                0x0800322d   Thumb Code   100  misc.o(i.NVIC_Init)
    OLED_Clear                               0x0800329d   Thumb Code    10  bsp_oled.o(i.OLED_Clear)
    OLED_Draw_Line                           0x080032a7   Thumb Code    42  bsp_oled.o(i.OLED_Draw_Line)
    OLED_Draw_String                         0x080032d1   Thumb Code    54  bsp_oled.o(i.OLED_Draw_String)
    OLED_I2C_Init                            0x0800330d   Thumb Code    24  bsp_oled_i2c.o(i.OLED_I2C_Init)
    OLED_IIC_Init                            0x08003339   Thumb Code    36  bsp_oled_i2c.o(i.OLED_IIC_Init)
    OLED_IIC_Send_Byte                       0x08003365   Thumb Code    88  bsp_oled_i2c.o(i.OLED_IIC_Send_Byte)
    OLED_IIC_Start                           0x080033c9   Thumb Code    92  bsp_oled_i2c.o(i.OLED_IIC_Start)
    OLED_IIC_Stop                            0x08003431   Thumb Code    68  bsp_oled_i2c.o(i.OLED_IIC_Stop)
    OLED_IIC_Wait_Ack                        0x08003481   Thumb Code    92  bsp_oled_i2c.o(i.OLED_IIC_Wait_Ack)
    OLED_Init                                0x080034e9   Thumb Code   318  bsp_oled.o(i.OLED_Init)
    OLED_Refresh                             0x0800362d   Thumb Code     8  bsp_oled.o(i.OLED_Refresh)
    OLED_i2cWrite                            0x08003635   Thumb Code    96  bsp_oled_i2c.o(i.OLED_i2cWrite)
    PWM_Ignore                               0x08003695   Thumb Code    26  app_motor.o(i.PWM_Ignore)
    PWM_Limit                                0x080036af   Thumb Code    18  app_motor.o(i.PWM_Limit)
    PendSV_Handler                           0x080036c1   Thumb Code     2  stm32f10x_it.o(i.PendSV_Handler)
    Protocol                                 0x080036c5   Thumb Code   852  app_bluetooth.o(i.Protocol)
    ProtocolCpyData                          0x08003a79   Thumb Code    26  app_bluetooth.o(i.ProtocolCpyData)
    ProtocolGetPID                           0x08003aa1   Thumb Code   412  app_bluetooth.o(i.ProtocolGetPID)
    RCC_ADCCLKConfig                         0x08003ca5   Thumb Code    18  stm32f10x_rcc.o(i.RCC_ADCCLKConfig)
    RCC_APB1PeriphClockCmd                   0x08003cbd   Thumb Code    26  stm32f10x_rcc.o(i.RCC_APB1PeriphClockCmd)
    RCC_APB1PeriphResetCmd                   0x08003cdd   Thumb Code    26  stm32f10x_rcc.o(i.RCC_APB1PeriphResetCmd)
    RCC_APB2PeriphClockCmd                   0x08003cfd   Thumb Code    26  stm32f10x_rcc.o(i.RCC_APB2PeriphClockCmd)
    RCC_APB2PeriphResetCmd                   0x08003d1d   Thumb Code    26  stm32f10x_rcc.o(i.RCC_APB2PeriphResetCmd)
    RCC_GetClocksFreq                        0x08003d3d   Thumb Code   192  stm32f10x_rcc.o(i.RCC_GetClocksFreq)
    Read_DMP                                 0x08003e11   Thumb Code   560  mpu6050.o(i.Read_DMP)
    Read_Encoder                             0x0800406d   Thumb Code    46  encoder.o(i.Read_Encoder)
    Read_Temperature                         0x080040a5   Thumb Code   110  mpu6050.o(i.Read_Temperature)
    ResetPID                                 0x08004125   Thumb Code   136  app_bluetooth.o(i.ResetPID)
    SSD1306_DrawPixel                        0x080041c9   Thumb Code   152  bsp_oled.o(i.SSD1306_DrawPixel)
    SSD1306_Fill                             0x08004269   Thumb Code    26  bsp_oled.o(i.SSD1306_Fill)
    SSD1306_GotoXY                           0x08004289   Thumb Code     8  bsp_oled.o(i.SSD1306_GotoXY)
    SSD1306_Putc                             0x08004295   Thumb Code   164  bsp_oled.o(i.SSD1306_Putc)
    SSD1306_Puts                             0x0800433d   Thumb Code    42  bsp_oled.o(i.SSD1306_Puts)
    SSD1306_UpdateScreen                     0x08004369   Thumb Code    68  bsp_oled.o(i.SSD1306_UpdateScreen)
    SVC_Handler                              0x080043b1   Thumb Code     2  stm32f10x_it.o(i.SVC_Handler)
    SendAutoUp                               0x080043b5   Thumb Code    50  app_bluetooth.o(i.SendAutoUp)
    Set_Pwm                                  0x080044dd   Thumb Code   120  app_motor.o(i.Set_Pwm)
    StringFind                               0x08004559   Thumb Code    74  app_bluetooth.o(i.StringFind)
    SysTick_CLKSourceConfig                  0x080045a3   Thumb Code    40  misc.o(i.SysTick_CLKSourceConfig)
    SysTick_Handler                          0x080045cb   Thumb Code     2  stm32f10x_it.o(i.SysTick_Handler)
    SystemInit                               0x080045cd   Thumb Code    78  system_stm32f10x.o(i.SystemInit)
    TIM2_Cap_Init                            0x0800486d   Thumb Code   134  bsp_ultrasonic.o(i.TIM2_Cap_Init)
    TIM2_IRQHandler                          0x080048f5   Thumb Code   184  bsp_ultrasonic.o(i.TIM2_IRQHandler)
    TIM3_IRQHandler                          0x080049b5   Thumb Code    18  encoder.o(i.TIM3_IRQHandler)
    TIM4_IRQHandler                          0x080049cd   Thumb Code    18  encoder.o(i.TIM4_IRQHandler)
    TIM6_IRQHandler                          0x080049e5   Thumb Code   156  bsp_timer.o(i.TIM6_IRQHandler)
    TIM6_Init                                0x08004aa5   Thumb Code    90  bsp_timer.o(i.TIM6_Init)
    TIM_ARRPreloadConfig                     0x08004b05   Thumb Code    24  stm32f10x_tim.o(i.TIM_ARRPreloadConfig)
    TIM_ClearFlag                            0x08004b1d   Thumb Code     6  stm32f10x_tim.o(i.TIM_ClearFlag)
    TIM_ClearITPendingBit                    0x08004b23   Thumb Code     6  stm32f10x_tim.o(i.TIM_ClearITPendingBit)
    TIM_Cmd                                  0x08004b29   Thumb Code    24  stm32f10x_tim.o(i.TIM_Cmd)
    TIM_CtrlPWMOutputs                       0x08004b41   Thumb Code    30  stm32f10x_tim.o(i.TIM_CtrlPWMOutputs)
    TIM_DeInit                               0x08004b61   Thumb Code   424  stm32f10x_tim.o(i.TIM_DeInit)
    TIM_EncoderInterfaceConfig               0x08004d49   Thumb Code    66  stm32f10x_tim.o(i.TIM_EncoderInterfaceConfig)
    TIM_GetITStatus                          0x08004d8b   Thumb Code    34  stm32f10x_tim.o(i.TIM_GetITStatus)
    TIM_ICInit                               0x08004dad   Thumb Code   150  stm32f10x_tim.o(i.TIM_ICInit)
    TIM_ICStructInit                         0x08004e59   Thumb Code    18  stm32f10x_tim.o(i.TIM_ICStructInit)
    TIM_ITConfig                             0x08004e6b   Thumb Code    18  stm32f10x_tim.o(i.TIM_ITConfig)
    TIM_OC1Init                              0x08004e7d   Thumb Code   132  stm32f10x_tim.o(i.TIM_OC1Init)
    TIM_OC1PreloadConfig                     0x08004f15   Thumb Code    18  stm32f10x_tim.o(i.TIM_OC1PreloadConfig)
    TIM_OC2Init                              0x08004f29   Thumb Code   154  stm32f10x_tim.o(i.TIM_OC2Init)
    TIM_OC2PreloadConfig                     0x08004fcd   Thumb Code    26  stm32f10x_tim.o(i.TIM_OC2PreloadConfig)
    TIM_OC3Init                              0x08004fe9   Thumb Code   150  stm32f10x_tim.o(i.TIM_OC3Init)
    TIM_OC3PreloadConfig                     0x08005089   Thumb Code    18  stm32f10x_tim.o(i.TIM_OC3PreloadConfig)
    TIM_OC4Init                              0x0800509d   Thumb Code   114  stm32f10x_tim.o(i.TIM_OC4Init)
    TIM_OC4PreloadConfig                     0x08005119   Thumb Code    26  stm32f10x_tim.o(i.TIM_OC4PreloadConfig)
    TIM_SetCounter                           0x08005133   Thumb Code     4  stm32f10x_tim.o(i.TIM_SetCounter)
    TIM_SetIC1Prescaler                      0x08005137   Thumb Code    18  stm32f10x_tim.o(i.TIM_SetIC1Prescaler)
    TIM_SetIC2Prescaler                      0x08005149   Thumb Code    26  stm32f10x_tim.o(i.TIM_SetIC2Prescaler)
    TIM_SetIC3Prescaler                      0x08005163   Thumb Code    18  stm32f10x_tim.o(i.TIM_SetIC3Prescaler)
    TIM_SetIC4Prescaler                      0x08005175   Thumb Code    26  stm32f10x_tim.o(i.TIM_SetIC4Prescaler)
    TIM_TimeBaseInit                         0x08005191   Thumb Code   122  stm32f10x_tim.o(i.TIM_TimeBaseInit)
    TIM_TimeBaseStructInit                   0x08005235   Thumb Code    18  stm32f10x_tim.o(i.TIM_TimeBaseStructInit)
    Turn_Off                                 0x08005249   Thumb Code    88  app_motor.o(i.Turn_Off)
    Turn_PD                                  0x080052b9   Thumb Code   208  pid_control.o(i.Turn_PD)
    UART5_IRQHandler                         0x080053b9   Thumb Code    30  bsp_bluetooth.o(i.UART5_IRQHandler)
    UART5_Send_Char                          0x080053dd   Thumb Code    24  bsp_bluetooth.o(i.UART5_Send_Char)
    USART1_IRQHandler                        0x080053f5   Thumb Code    32  usart.o(i.USART1_IRQHandler)
    USART1_Send_U8                           0x08005419   Thumb Code    28  usart.o(i.USART1_Send_U8)
    USART2_IRQHandler                        0x08005439   Thumb Code    40  bsp_usart2.o(i.USART2_IRQHandler)
    USART2_init                              0x08005465   Thumb Code   152  bsp_usart2.o(i.USART2_init)
    USART3_51_Init                           0x08005505   Thumb Code   170  bsp_51_usart.o(i.USART3_51_Init)
    USART3_51_SendByte                       0x080055bd   Thumb Code    28  bsp_51_usart.o(i.USART3_51_SendByte)
    USART3_IRQHandler                        0x080055dd   Thumb Code    84  bsp_51_usart.o(i.USART3_IRQHandler)
    USART5_Send_Byte                         0x0800563d   Thumb Code    28  bsp_bluetooth.o(i.USART5_Send_Byte)
    USART_ClearITPendingBit                  0x0800565d   Thumb Code    30  stm32f10x_usart.o(i.USART_ClearITPendingBit)
    USART_Cmd                                0x0800567b   Thumb Code    24  stm32f10x_usart.o(i.USART_Cmd)
    USART_GetFlagStatus                      0x08005693   Thumb Code    26  stm32f10x_usart.o(i.USART_GetFlagStatus)
    USART_GetITStatus                        0x080056ad   Thumb Code    84  stm32f10x_usart.o(i.USART_GetITStatus)
    USART_ITConfig                           0x08005701   Thumb Code    74  stm32f10x_usart.o(i.USART_ITConfig)
    USART_Init                               0x0800574d   Thumb Code   210  stm32f10x_usart.o(i.USART_Init)
    USART_ReceiveData                        0x08005825   Thumb Code    10  stm32f10x_usart.o(i.USART_ReceiveData)
    USART_SendData                           0x0800582f   Thumb Code     8  stm32f10x_usart.o(i.USART_SendData)
    UsageFault_Handler                       0x08005837   Thumb Code     4  stm32f10x_it.o(i.UsageFault_Handler)
    Velocity_PI                              0x0800583d   Thumb Code   336  pid_control.o(i.Velocity_PI)
    __0printf                                0x080059e1   Thumb Code    22  printfa.o(i.__0printf)
    __1printf                                0x080059e1   Thumb Code     0  printfa.o(i.__0printf)
    __2printf                                0x080059e1   Thumb Code     0  printfa.o(i.__0printf)
    __c89printf                              0x080059e1   Thumb Code     0  printfa.o(i.__0printf)
    printf                                   0x080059e1   Thumb Code     0  printfa.o(i.__0printf)
    __0sprintf                               0x08005a01   Thumb Code    34  printfa.o(i.__0sprintf)
    __1sprintf                               0x08005a01   Thumb Code     0  printfa.o(i.__0sprintf)
    __2sprintf                               0x08005a01   Thumb Code     0  printfa.o(i.__0sprintf)
    __c89sprintf                             0x08005a01   Thumb Code     0  printfa.o(i.__0sprintf)
    sprintf                                  0x08005a01   Thumb Code     0  printfa.o(i.__0sprintf)
    __ARM_fpclassify                         0x08005a29   Thumb Code    40  fpclassify.o(i.__ARM_fpclassify)
    __kernel_poly                            0x08005a51   Thumb Code   170  poly.o(i.__kernel_poly)
    __mathlib_dbl_infnan                     0x08005afb   Thumb Code     6  dunder.o(i.__mathlib_dbl_infnan)
    __mathlib_dbl_infnan2                    0x08005b01   Thumb Code     4  dunder.o(i.__mathlib_dbl_infnan2)
    __mathlib_dbl_invalid                    0x08005b05   Thumb Code    12  dunder.o(i.__mathlib_dbl_invalid)
    __mathlib_dbl_underflow                  0x08005b11   Thumb Code    10  dunder.o(i.__mathlib_dbl_underflow)
    __read_errno                             0x08005b21   Thumb Code     6  errno.o(i.__read_errno)
    __scatterload_copy                       0x08005b2d   Thumb Code    14  handlers.o(i.__scatterload_copy)
    __scatterload_null                       0x08005b3b   Thumb Code     2  handlers.o(i.__scatterload_null)
    __scatterload_zeroinit                   0x08005b3d   Thumb Code    14  handlers.o(i.__scatterload_zeroinit)
    __set_errno                              0x08005b4d   Thumb Code     6  errno.o(i.__set_errno)
    _is_digit                                0x08005cdd   Thumb Code    14  scanf_fp.o(i._is_digit)
    asin                                     0x080064a5   Thumb Code   572  asin.o(i.asin)
    atan                                     0x08006715   Thumb Code   474  atan.o(i.atan)
    atan2                                    0x08006935   Thumb Code   374  atan2.o(i.atan2)
    atof                                     0x08006ad1   Thumb Code    42  atof.o(i.atof)
    bluetooth_init                           0x08006afd   Thumb Code   160  bsp_bluetooth.o(i.bluetooth_init)
    bsp_init                                 0x08006ba9   Thumb Code   126  bsp.o(i.bsp_init)
    cotrol_led                               0x08006c29   Thumb Code   142  bsp_timer.o(i.cotrol_led)
    deal_bluetooth                           0x08006cd5   Thumb Code    96  app_bluetooth.o(i.deal_bluetooth)
    delay_init                               0x08006dad   Thumb Code    60  delay.o(i.delay_init)
    delay_ms                                 0x08006df9   Thumb Code    56  delay.o(i.delay_ms)
    delay_time                               0x08006e35   Thumb Code    16  bsp_timer.o(i.delay_time)
    delay_us                                 0x08006e49   Thumb Code    56  delay.o(i.delay_us)
    dmp_enable_6x_lp_quat                    0x08006e85   Thumb Code    60  inv_mpu_dmp_motion_driver.o(i.dmp_enable_6x_lp_quat)
    dmp_enable_feature                       0x08006ec1   Thumb Code   530  inv_mpu_dmp_motion_driver.o(i.dmp_enable_feature)
    dmp_enable_gyro_cal                      0x080070dd   Thumb Code    62  inv_mpu_dmp_motion_driver.o(i.dmp_enable_gyro_cal)
    dmp_enable_lp_quat                       0x08007135   Thumb Code    60  inv_mpu_dmp_motion_driver.o(i.dmp_enable_lp_quat)
    dmp_load_motion_driver_firmware          0x08007171   Thumb Code    20  inv_mpu_dmp_motion_driver.o(i.dmp_load_motion_driver_firmware)
    dmp_read_fifo                            0x08007189   Thumb Code   456  inv_mpu_dmp_motion_driver.o(i.dmp_read_fifo)
    dmp_set_accel_bias                       0x08007355   Thumb Code   300  inv_mpu_dmp_motion_driver.o(i.dmp_set_accel_bias)
    dmp_set_fifo_rate                        0x08007485   Thumb Code    96  inv_mpu_dmp_motion_driver.o(i.dmp_set_fifo_rate)
    dmp_set_gyro_bias                        0x080074f5   Thumb Code   294  inv_mpu_dmp_motion_driver.o(i.dmp_set_gyro_bias)
    dmp_set_orientation                      0x08007625   Thumb Code   290  inv_mpu_dmp_motion_driver.o(i.dmp_set_orientation)
    dmp_set_shake_reject_thresh              0x0800775d   Thumb Code    56  inv_mpu_dmp_motion_driver.o(i.dmp_set_shake_reject_thresh)
    dmp_set_shake_reject_time                0x08007795   Thumb Code    38  inv_mpu_dmp_motion_driver.o(i.dmp_set_shake_reject_time)
    dmp_set_shake_reject_timeout             0x080077bb   Thumb Code    38  inv_mpu_dmp_motion_driver.o(i.dmp_set_shake_reject_timeout)
    dmp_set_tap_axes                         0x080077e1   Thumb Code    70  inv_mpu_dmp_motion_driver.o(i.dmp_set_tap_axes)
    dmp_set_tap_count                        0x08007827   Thumb Code    38  inv_mpu_dmp_motion_driver.o(i.dmp_set_tap_count)
    dmp_set_tap_thresh                       0x0800784d   Thumb Code   396  inv_mpu_dmp_motion_driver.o(i.dmp_set_tap_thresh)
    dmp_set_tap_time                         0x080079ed   Thumb Code    38  inv_mpu_dmp_motion_driver.o(i.dmp_set_tap_time)
    dmp_set_tap_time_multi                   0x08007a13   Thumb Code    38  inv_mpu_dmp_motion_driver.o(i.dmp_set_tap_time_multi)
    fputc                                    0x08007a39   Thumb Code    24  usart.o(i.fputc)
    i2cRead                                  0x08008085   Thumb Code   118  ioi2c.o(i.i2cRead)
    i2cWrite                                 0x080080fb   Thumb Code    96  ioi2c.o(i.i2cWrite)
    init_beep                                0x0800815d   Thumb Code    46  bsp_beep.o(i.init_beep)
    init_led_gpio                            0x08008195   Thumb Code    44  bsp_led.o(i.init_led_gpio)
    main                                     0x08008241   Thumb Code   308  main.o(i.main)
    mpu_configure_fifo                       0x080083e1   Thumb Code   106  inv_mpu.o(i.mpu_configure_fifo)
    mpu_get_accel_fsr                        0x08008451   Thumb Code    72  inv_mpu.o(i.mpu_get_accel_fsr)
    mpu_get_accel_sens                       0x0800849d   Thumb Code    78  inv_mpu.o(i.mpu_get_accel_sens)
    mpu_get_fifo_config                      0x080084f1   Thumb Code    12  inv_mpu.o(i.mpu_get_fifo_config)
    mpu_get_gyro_fsr                         0x08008501   Thumb Code    64  inv_mpu.o(i.mpu_get_gyro_fsr)
    mpu_get_gyro_sens                        0x08008545   Thumb Code    58  inv_mpu.o(i.mpu_get_gyro_sens)
    mpu_get_lpf                              0x08008595   Thumb Code    74  inv_mpu.o(i.mpu_get_lpf)
    mpu_get_sample_rate                      0x080085e5   Thumb Code    26  inv_mpu.o(i.mpu_get_sample_rate)
    mpu_init                                 0x08008605   Thumb Code   416  inv_mpu.o(i.mpu_init)
    mpu_load_firmware                        0x080087f5   Thumb Code   180  inv_mpu.o(i.mpu_load_firmware)
    mpu_lp_accel_mode                        0x080088ad   Thumb Code   218  inv_mpu.o(i.mpu_lp_accel_mode)
    mpu_read_fifo_stream                     0x0800898d   Thumb Code   186  inv_mpu.o(i.mpu_read_fifo_stream)
    mpu_read_mem                             0x08008a4d   Thumb Code   122  inv_mpu.o(i.mpu_read_mem)
    mpu_reset_fifo                           0x08008acd   Thumb Code   438  inv_mpu.o(i.mpu_reset_fifo)
    mpu_run_self_test                        0x08008c89   Thumb Code   278  inv_mpu.o(i.mpu_run_self_test)
    mpu_set_accel_fsr                        0x08008da5   Thumb Code   126  inv_mpu.o(i.mpu_set_accel_fsr)
    mpu_set_bypass                           0x08008e29   Thumb Code   328  inv_mpu.o(i.mpu_set_bypass)
    mpu_set_dmp_state                        0x08008f75   Thumb Code   138  inv_mpu.o(i.mpu_set_dmp_state)
    mpu_set_gyro_fsr                         0x08009005   Thumb Code   132  inv_mpu.o(i.mpu_set_gyro_fsr)
    mpu_set_int_latched                      0x0800908d   Thumb Code   102  inv_mpu.o(i.mpu_set_int_latched)
    mpu_set_lpf                              0x080090f9   Thumb Code   126  inv_mpu.o(i.mpu_set_lpf)
    mpu_set_sample_rate                      0x0800917d   Thumb Code   152  inv_mpu.o(i.mpu_set_sample_rate)
    mpu_set_sensors                          0x08009219   Thumb Code   202  inv_mpu.o(i.mpu_set_sensors)
    mpu_write_mem                            0x080092e9   Thumb Code   122  inv_mpu.o(i.mpu_write_mem)
    mul                                      0x08009369   Thumb Code   154  kf.o(i.mul)
    my_delay                                 0x0800941d   Thumb Code    22  bsp_timer.o(i.my_delay)
    myabs                                    0x08009433   Thumb Code    14  pid_control.o(i.myabs)
    myget_ms                                 0x08009441   Thumb Code     2  inv_mpu.o(i.myget_ms)
    power_decect                             0x08009445   Thumb Code    64  bsp_timer.o(i.power_decect)
    sqrt                                     0x080095b9   Thumb Code    76  sqrt.o(i.sqrt)
    ssd1306_I2C_Write                        0x08009605   Thumb Code    20  bsp_oled.o(i.ssd1306_I2C_Write)
    ssd1306_I2C_WriteMulti                   0x08009619   Thumb Code    28  bsp_oled.o(i.ssd1306_I2C_WriteMulti)
    uart_init                                0x08009635   Thumb Code   152  usart.o(i.uart_init)
    Font7x10                                 0x08009718   Data        1900  oled_fonts.o(.constdata)
    Font11x18                                0x08009e84   Data        3420  oled_fonts.o(.constdata)
    Font16x26                                0x0800abe0   Data        4940  oled_fonts.o(.constdata)
    hw                                       0x0800bf2c   Data          12  inv_mpu.o(.constdata)
    reg                                      0x0800bf38   Data          27  inv_mpu.o(.constdata)
    test                                     0x0800bf54   Data          40  inv_mpu.o(.constdata)
    __mathlib_zero                           0x0800cd18   Data           8  qnan.o(.constdata)
    __ctype_categories                       0x0800cd20   Data          64  ctype_c.o(.constdata)
    Region$$Table$$Base                      0x0800cdb0   Number         0  anon$$obj.o(Region$$Table)
    Region$$Table$$Limit                     0x0800cdd0   Number         0  anon$$obj.o(Region$$Table)
    GET_Angle_Way                            0x20000000   Data           1  main.o(.data)
    Angle_Balance                            0x20000004   Data           4  main.o(.data)
    Gyro_Balance                             0x20000008   Data           4  main.o(.data)
    Gyro_Turn                                0x2000000c   Data           4  main.o(.data)
    Motor_Left                               0x20000010   Data           4  main.o(.data)
    Motor_Right                              0x20000014   Data           4  main.o(.data)
    Temperature                              0x20000018   Data           4  main.o(.data)
    Acceleration_Z                           0x2000001c   Data           4  main.o(.data)
    Voltage                                  0x20000020   Data           4  main.o(.data)
    Mid_Angle                                0x20000024   Data           4  main.o(.data)
    Move_X                                   0x20000028   Data           4  main.o(.data)
    Move_Z                                   0x2000002c   Data           4  main.o(.data)
    Stop_Flag                                0x20000030   Data           1  main.o(.data)
    weight_mode_flag                         0x20000031   Data           1  main.o(.data)
    g_car_mode                               0x20000032   Data           1  main.o(.data)
    SystemCoreClock                          0x20000034   Data           4  system_stm32f10x.o(.data)
    AHBPrescTable                            0x20000038   Data          16  system_stm32f10x.o(.data)
    gyro                                     0x20000060   Data           6  mpu6050.o(.data)
    accel                                    0x20000066   Data           6  mpu6050.o(.data)
    sensors                                  0x2000006c   Data           2  mpu6050.o(.data)
    Roll                                     0x20000070   Data           4  mpu6050.o(.data)
    Pitch                                    0x20000074   Data           4  mpu6050.o(.data)
    Yaw                                      0x20000078   Data           4  mpu6050.o(.data)
    q0                                       0x2000007c   Data           4  mpu6050.o(.data)
    q1                                       0x20000080   Data           4  mpu6050.o(.data)
    q2                                       0x20000084   Data           4  mpu6050.o(.data)
    q3                                       0x20000088   Data           4  mpu6050.o(.data)
    Gx_offset                                0x20000096   Data           2  mpu6050.o(.data)
    Gy_offset                                0x20000098   Data           2  mpu6050.o(.data)
    Gz_offset                                0x2000009a   Data           2  mpu6050.o(.data)
    __stdout                                 0x2000009c   Data           4  usart.o(.data)
    Font_7x10                                0x200000a8   Data           8  oled_fonts.o(.data)
    Font_11x18                               0x200000b0   Data           8  oled_fonts.o(.data)
    Font_16x26                               0x200000b8   Data           8  oled_fonts.o(.data)
    led_flag                                 0x200000c8   Data           2  bsp_timer.o(.data)
    led_twinkle_count                        0x200000ca   Data           2  bsp_timer.o(.data)
    led_count                                0x200000cc   Data           2  bsp_timer.o(.data)
    lower_power_flag                         0x200000ce   Data           1  bsp_timer.o(.data)
    bulettohflag                             0x200000cf   Data           1  bsp_timer.o(.data)
    g_key1_long_press                        0x200000d2   Data           2  bsp_key.o(.data)
    g_distance                               0x200000d8   Data           4  bsp_ultrasonic.o(.data)
    TIM2CH2_CAPTURE_STA                      0x200000dc   Data           2  bsp_ultrasonic.o(.data)
    TIM2CH2_CAPTURE_VAL                      0x200000de   Data           2  bsp_ultrasonic.o(.data)
    battery                                  0x200000e4   Data           4  app_control.o(.data)
    ccd_conut                                0x200000e8   Data           1  app_control.o(.data)
    Velocity_Left                            0x200000ec   Data           4  app_motor.o(.data)
    Velocity_Right                           0x200000f0   Data           4  app_motor.o(.data)
    Balance_Kp                               0x200000f4   Data           4  pid_control.o(.data)
    Balance_Kd                               0x200000f8   Data           4  pid_control.o(.data)
    Velocity_Kp                              0x200000fc   Data           4  pid_control.o(.data)
    Velocity_Ki                              0x20000100   Data           4  pid_control.o(.data)
    Turn_Kp                                  0x20000104   Data           4  pid_control.o(.data)
    Turn_Kd                                  0x20000108   Data           4  pid_control.o(.data)
    Balance_K                                0x2000010c   Data           4  pid_control.o(.data)
    Velocity_K                               0x20000110   Data           4  pid_control.o(.data)
    Turn_K                                   0x20000114   Data           4  pid_control.o(.data)
    Car_Target_Velocity                      0x20000118   Data           4  pid_control.o(.data)
    Car_Turn_Amplitude_speed                 0x2000011c   Data           4  pid_control.o(.data)
    g_autoup                                 0x2000013c   Data           4  app_bluetooth.o(.data)
    newLineReceived                          0x20000140   Data           1  app_bluetooth.o(.data)
    num                                      0x20000144   Data           4  app_bluetooth.o(.data)
    startBit                                 0x20000148   Data           1  app_bluetooth.o(.data)
    int9num                                  0x2000014c   Data           4  app_bluetooth.o(.data)
    g_newcarstate                            0x20000150   Data           1  app_bluetooth.o(.data)
    piddisplay                               0x20000151   Data          50  app_bluetooth.o(.data)
    s_Acc                                    0x20000184   Data           4  app_bluetooth.o(.data)
    s_Gyro                                   0x20000188   Data           4  app_bluetooth.o(.data)
    g_uptimes                                0x2000018c   Data           4  app_bluetooth.o(.data)
    g_new_flag                               0x20000190   Data           1  app_k210.o(.data)
    g_index                                  0x20000191   Data           1  app_k210.o(.data)
    g_new_data                               0x20000192   Data           1  app_k210.o(.data)
    dt                                       0x200001c0   Data           4  filter.o(.data)
    showbuf                                  0x20000298   Data          20  main.o(.bss)
    manydisplay                              0x200004ac   Data          80  app_bluetooth.o(.bss)
    updata                                   0x200004fc   Data          80  app_bluetooth.o(.bss)
    lspeed                                   0x2000054c   Data          10  app_bluetooth.o(.bss)
    rspeed                                   0x20000556   Data          10  app_bluetooth.o(.bss)
    daccel                                   0x20000560   Data          10  app_bluetooth.o(.bss)
    dgyro                                    0x2000056a   Data          10  app_bluetooth.o(.bss)
    csb                                      0x20000574   Data          10  app_bluetooth.o(.bss)
    vi                                       0x2000057e   Data          10  app_bluetooth.o(.bss)
    inputString                              0x20000588   Data          80  app_bluetooth.o(.bss)
    ProtocolString                           0x200005d8   Data          80  app_bluetooth.o(.bss)
    charkp                                   0x20000628   Data          10  app_bluetooth.o(.bss)
    charkd                                   0x20000632   Data          10  app_bluetooth.o(.bss)
    charksp                                  0x2000063c   Data          10  app_bluetooth.o(.bss)
    charksi                                  0x20000646   Data          10  app_bluetooth.o(.bss)
    charktp                                  0x20000650   Data          10  app_bluetooth.o(.bss)
    charktd                                  0x2000065a   Data          10  app_bluetooth.o(.bss)
    PID_Original                             0x20000664   Data          24  app_bluetooth.o(.bss)
    buf_msg                                  0x2000067c   Data          20  app_k210.o(.bss)
    __initial_sp                             0x20000ac0   Data           0  startup_stm32f10x_hd.o(STACK)



==============================================================================

Memory Map of the image

  Image Entry point : 0x08000131

  Load Region LR_IROM1 (Base: 0x08000000, Size: 0x0000d068, Max: 0x00080000, ABSOLUTE, COMPRESSED[0x0000ce5c])

    Execution Region ER_IROM1 (Exec base: 0x08000000, Load base: 0x08000000, Size: 0x0000cdd0, Max: 0x00080000, ABSOLUTE)

    Exec Addr    Load Addr    Size         Type   Attr      Idx    E Section Name        Object

    0x08000000   0x08000000   0x00000130   Data   RO          338    RESET               startup_stm32f10x_hd.o
    0x08000130   0x08000130   0x00000000   Code   RO         5026  * .ARM.Collect$$$$00000000  mc_w.l(entry.o)
    0x08000130   0x08000130   0x00000004   Code   RO         5377    .ARM.Collect$$$$00000001  mc_w.l(entry2.o)
    0x08000134   0x08000134   0x00000004   Code   RO         5380    .ARM.Collect$$$$00000004  mc_w.l(entry5.o)
    0x08000138   0x08000138   0x00000000   Code   RO         5382    .ARM.Collect$$$$00000008  mc_w.l(entry7b.o)
    0x08000138   0x08000138   0x00000000   Code   RO         5384    .ARM.Collect$$$$0000000A  mc_w.l(entry8b.o)
    0x08000138   0x08000138   0x00000008   Code   RO         5385    .ARM.Collect$$$$0000000B  mc_w.l(entry9a.o)
    0x08000140   0x08000140   0x00000004   Code   RO         5392    .ARM.Collect$$$$0000000E  mc_w.l(entry12b.o)
    0x08000144   0x08000144   0x00000000   Code   RO         5387    .ARM.Collect$$$$0000000F  mc_w.l(entry10a.o)
    0x08000144   0x08000144   0x00000000   Code   RO         5389    .ARM.Collect$$$$00000011  mc_w.l(entry11a.o)
    0x08000144   0x08000144   0x00000004   Code   RO         5378    .ARM.Collect$$$$00002712  mc_w.l(entry2.o)
    0x08000148   0x08000148   0x00000024   Code   RO          339    .text               startup_stm32f10x_hd.o
    0x0800016c   0x0800016c   0x00000062   Code   RO         5029    .text               mc_w.l(ldiv.o)
    0x080001ce   0x080001ce   0x00000024   Code   RO         5031    .text               mc_w.l(memcpya.o)
    0x080001f2   0x080001f2   0x00000024   Code   RO         5033    .text               mc_w.l(memseta.o)
    0x08000216   0x08000216   0x00000018   Code   RO         5035    .text               mc_w.l(strcat.o)
    0x0800022e   0x0800022e   0x0000000e   Code   RO         5037    .text               mc_w.l(strlen.o)
    0x0800023c   0x0800023c   0x0000001c   Code   RO         5039    .text               mc_w.l(strcmp.o)
    0x08000258   0x08000258   0x0000001a   Code   RO         5041    .text               mc_w.l(memcmp.o)
    0x08000272   0x08000272   0x000000b0   Code   RO         5306    .text               mf_w.l(fadd.o)
    0x08000322   0x08000322   0x00000064   Code   RO         5308    .text               mf_w.l(fmul.o)
    0x08000386   0x08000386   0x0000007c   Code   RO         5310    .text               mf_w.l(fdiv.o)
    0x08000402   0x08000402   0x0000014e   Code   RO         5312    .text               mf_w.l(dadd.o)
    0x08000550   0x08000550   0x000000e4   Code   RO         5314    .text               mf_w.l(dmul.o)
    0x08000634   0x08000634   0x000000de   Code   RO         5316    .text               mf_w.l(ddiv.o)
    0x08000712   0x08000712   0x00000012   Code   RO         5318    .text               mf_w.l(fflti.o)
    0x08000724   0x08000724   0x0000000a   Code   RO         5320    .text               mf_w.l(ffltui.o)
    0x0800072e   0x0800072e   0x00000022   Code   RO         5322    .text               mf_w.l(dflti.o)
    0x08000750   0x08000750   0x0000001a   Code   RO         5324    .text               mf_w.l(dfltui.o)
    0x0800076a   0x0800076a   0x00000032   Code   RO         5326    .text               mf_w.l(ffixi.o)
    0x0800079c   0x0800079c   0x00000028   Code   RO         5328    .text               mf_w.l(ffixui.o)
    0x080007c4   0x080007c4   0x00000026   Code   RO         5330    .text               mf_w.l(f2d.o)
    0x080007ea   0x080007ea   0x00000002   PAD
    0x080007ec   0x080007ec   0x00000030   Code   RO         5332    .text               mf_w.l(cdcmple.o)
    0x0800081c   0x0800081c   0x00000038   Code   RO         5334    .text               mf_w.l(d2f.o)
    0x08000854   0x08000854   0x00000014   Code   RO         5336    .text               mf_w.l(cfcmple.o)
    0x08000868   0x08000868   0x00000014   Code   RO         5338    .text               mf_w.l(cfrcmple.o)
    0x0800087c   0x0800087c   0x0000002c   Code   RO         5393    .text               mc_w.l(uidiv.o)
    0x080008a8   0x080008a8   0x00000062   Code   RO         5395    .text               mc_w.l(uldiv.o)
    0x0800090a   0x0800090a   0x0000001e   Code   RO         5397    .text               mc_w.l(llshl.o)
    0x08000928   0x08000928   0x00000024   Code   RO         5399    .text               mc_w.l(llsshr.o)
    0x0800094c   0x0800094c   0x0000009c   Code   RO         5408    .text               mc_w.l(strtod.o)
    0x080009e8   0x080009e8   0x00000000   Code   RO         5410    .text               mc_w.l(iusefp.o)
    0x080009e8   0x080009e8   0x0000006e   Code   RO         5411    .text               mf_w.l(fepilogue.o)
    0x08000a56   0x08000a56   0x000000ba   Code   RO         5413    .text               mf_w.l(depilogue.o)
    0x08000b10   0x08000b10   0x0000002e   Code   RO         5415    .text               mf_w.l(dscalb.o)
    0x08000b3e   0x08000b3e   0x00000030   Code   RO         5417    .text               mf_w.l(dfixul.o)
    0x08000b6e   0x08000b6e   0x00000002   PAD
    0x08000b70   0x08000b70   0x00000030   Code   RO         5419    .text               mf_w.l(cdrcmple.o)
    0x08000ba0   0x08000ba0   0x00000024   Code   RO         5421    .text               mc_w.l(init.o)
    0x08000bc4   0x08000bc4   0x00000020   Code   RO         5423    .text               mc_w.l(llushr.o)
    0x08000be4   0x08000be4   0x0000000a   Code   RO         5425    .text               mc_w.l(isspace_c.o)
    0x08000bee   0x08000bee   0x00000002   PAD
    0x08000bf0   0x08000bf0   0x00000360   Code   RO         5427    .text               mc_w.l(scanf_fp.o)
    0x08000f50   0x08000f50   0x00000040   Code   RO         5431    .text               mc_w.l(_sgetc.o)
    0x08000f90   0x08000f90   0x000000a2   Code   RO         5433    .text               mf_w.l(dsqrt.o)
    0x08001032   0x08001032   0x00000002   PAD
    0x08001034   0x08001034   0x00000028   Code   RO         5435    .text               mc_w.l(ctype_c.o)
    0x0800105c   0x0800105c   0x00000018   Code   RO         5438    .text               mf_w.l(dfltul.o)
    0x08001074   0x08001074   0x00000056   Code   RO         5448    .text               mc_w.l(__dczerorl2.o)
    0x080010ca   0x080010ca   0x00000016   Code   RO          385    i.ADC_Cmd           stm32f10x_adc.o
    0x080010e0   0x080010e0   0x0000005c   Code   RO          387    i.ADC_DeInit        stm32f10x_adc.o
    0x0800113c   0x0800113c   0x00000014   Code   RO          393    i.ADC_GetCalibrationStatus  stm32f10x_adc.o
    0x08001150   0x08001150   0x00000008   Code   RO          394    i.ADC_GetConversionValue  stm32f10x_adc.o
    0x08001158   0x08001158   0x00000012   Code   RO          396    i.ADC_GetFlagStatus  stm32f10x_adc.o
    0x0800116a   0x0800116a   0x00000014   Code   RO          399    i.ADC_GetResetCalibrationStatus  stm32f10x_adc.o
    0x0800117e   0x0800117e   0x00000002   PAD
    0x08001180   0x08001180   0x00000050   Code   RO          403    i.ADC_Init          stm32f10x_adc.o
    0x080011d0   0x080011d0   0x000000b8   Code   RO          407    i.ADC_RegularChannelConfig  stm32f10x_adc.o
    0x08001288   0x08001288   0x0000000a   Code   RO          408    i.ADC_ResetCalibration  stm32f10x_adc.o
    0x08001292   0x08001292   0x00000016   Code   RO          410    i.ADC_SoftwareStartConvCmd  stm32f10x_adc.o
    0x080012a8   0x080012a8   0x0000000a   Code   RO          412    i.ADC_StartCalibration  stm32f10x_adc.o
    0x080012b2   0x080012b2   0x00000002   PAD
    0x080012b4   0x080012b4   0x0000002c   Code   RO         3493    i.BalanceCar_Motor_Init  motor.o
    0x080012e0   0x080012e0   0x000000ac   Code   RO         3494    i.BalanceCar_PWM_Init  motor.o
    0x0800138c   0x0800138c   0x000000a0   Code   RO         4351    i.Balance_PD        pid_control.o
    0x0800142c   0x0800142c   0x00000040   Code   RO         3714    i.Battery_Get       bsp_battery.o
    0x0800146c   0x0800146c   0x0000008c   Code   RO         3716    i.Battery_init      bsp_battery.o
    0x080014f8   0x080014f8   0x00000004   Code   RO          228    i.BusFault_Handler  stm32f10x_it.o
    0x080014fc   0x080014fc   0x000002b0   Code   RO         4384    i.CalcUpData        app_bluetooth.o
    0x080017ac   0x080017ac   0x000000f4   Code   RO         4456    i.Change_state      app_k210.o
    0x080018a0   0x080018a0   0x00000060   Code   RO         4943    i.Complementary_Filter_x  filter.o
    0x08001900   0x08001900   0x00000060   Code   RO         4944    i.Complementary_Filter_y  filter.o
    0x08001960   0x08001960   0x00000028   Code   RO         3674    i.DIY_NVIC_PriorityGroupConfig  bsp.o
    0x08001988   0x08001988   0x00000210   Code   RO         3511    i.DMP_Init          mpu6050.o
    0x08001b98   0x08001b98   0x00000088   Code   RO         4457    i.Deal_K210         app_k210.o
    0x08001c20   0x08001c20   0x00000002   Code   RO          229    i.DebugMon_Handler  stm32f10x_it.o
    0x08001c22   0x08001c22   0x00000026   Code   RO         3749    i.Delay_For_Pin     bsp_oled_i2c.o
    0x08001c48   0x08001c48   0x000000e4   Code   RO         4283    i.EXTI15_10_IRQHandler  app_control.o
    0x08001d2c   0x08001d2c   0x00000094   Code   RO         1146    i.EXTI_Init         stm32f10x_exti.o
    0x08001dc0   0x08001dc0   0x0000009c   Code   RO         3336    i.Encoder_Init_TIM3  encoder.o
    0x08001e5c   0x08001e5c   0x0000009c   Code   RO         3337    i.Encoder_Init_TIM4  encoder.o
    0x08001ef8   0x08001ef8   0x00000040   Code   RO         1491    i.GPIO_EXTILineConfig  stm32f10x_gpio.o
    0x08001f38   0x08001f38   0x00000116   Code   RO         1494    i.GPIO_Init         stm32f10x_gpio.o
    0x0800204e   0x0800204e   0x00000002   PAD
    0x08002050   0x08002050   0x00000090   Code   RO         1496    i.GPIO_PinRemapConfig  stm32f10x_gpio.o
    0x080020e0   0x080020e0   0x00000012   Code   RO         1498    i.GPIO_ReadInputDataBit  stm32f10x_gpio.o
    0x080020f2   0x080020f2   0x00000002   PAD
    0x080020f4   0x080020f4   0x000003dc   Code   RO         4284    i.Get_Angle         app_control.o
    0x080024d0   0x080024d0   0x0000001c   Code   RO         3717    i.Get_Battery_Volotage  bsp_battery.o
    0x080024ec   0x080024ec   0x00000074   Code   RO         4215    i.Get_Distane       bsp_ultrasonic.o
    0x08002560   0x08002560   0x00000024   Code   RO         3718    i.Get_Measure_Volotage  bsp_battery.o
    0x08002584   0x08002584   0x0000010c   Code   RO         4308    i.Get_Velocity_Form_Encoder  app_motor.o
    0x08002690   0x08002690   0x00000004   Code   RO          230    i.HardFault_Handler  stm32f10x_it.o
    0x08002694   0x08002694   0x00000046   Code   RO         3382    i.I2C_ReadOneByte   ioi2c.o
    0x080026da   0x080026da   0x00000002   PAD
    0x080026dc   0x080026dc   0x0000004c   Code   RO         3383    i.IIC_Ack           ioi2c.o
    0x08002728   0x08002728   0x0000002c   Code   RO         3384    i.IIC_MPU6050_Init  ioi2c.o
    0x08002754   0x08002754   0x0000004c   Code   RO         3385    i.IIC_NAck          ioi2c.o
    0x080027a0   0x080027a0   0x00000070   Code   RO         3386    i.IIC_Read_Byte     ioi2c.o
    0x08002810   0x08002810   0x00000064   Code   RO         3387    i.IIC_Send_Byte     ioi2c.o
    0x08002874   0x08002874   0x00000068   Code   RO         3388    i.IIC_Start         ioi2c.o
    0x080028dc   0x080028dc   0x00000048   Code   RO         3389    i.IIC_Stop          ioi2c.o
    0x08002924   0x08002924   0x00000068   Code   RO         3390    i.IIC_Wait_Ack      ioi2c.o
    0x0800298c   0x0800298c   0x00000016   Code   RO         3391    i.IICreadByte       ioi2c.o
    0x080029a2   0x080029a2   0x00000040   Code   RO         3393    i.IICwriteBit       ioi2c.o
    0x080029e2   0x080029e2   0x0000006a   Code   RO         3394    i.IICwriteBits      ioi2c.o
    0x08002a4c   0x08002a4c   0x00000014   Code   RO         3395    i.IICwriteByte      ioi2c.o
    0x08002a60   0x08002a60   0x00000046   Code   RO         3396    i.IICwriteBytes     ioi2c.o
    0x08002aa6   0x08002aa6   0x00000002   PAD
    0x08002aa8   0x08002aa8   0x00000044   Code   RO         4385    i.Init_PID          app_bluetooth.o
    0x08002aec   0x08002aec   0x00000030   Code   RO         3675    i.JTAG_Set          bsp.o
    0x08002b1c   0x08002b1c   0x000002b8   Code   RO         4977    i.KF_X              kf.o
    0x08002dd4   0x08002dd4   0x000002b8   Code   RO         4978    i.KF_Y              kf.o
    0x0800308c   0x0800308c   0x00000028   Code   RO         4100    i.Key1_GPIO_Init    bsp_key.o
    0x080030b4   0x080030b4   0x0000004c   Code   RO         4102    i.Key1_State        bsp_key.o
    0x08003100   0x08003100   0x0000001c   Code   RO         4103    i.Key1_is_Press     bsp_key.o
    0x0800311c   0x0800311c   0x00000070   Code   RO         3702    i.MPU6050_EXTI_Init  intsever.o
    0x0800318c   0x0800318c   0x00000028   Code   RO         3513    i.MPU6050_initialize  mpu6050.o
    0x080031b4   0x080031b4   0x00000014   Code   RO         3515    i.MPU6050_setClockSource  mpu6050.o
    0x080031c8   0x080031c8   0x00000014   Code   RO         3516    i.MPU6050_setFullScaleAccelRange  mpu6050.o
    0x080031dc   0x080031dc   0x00000014   Code   RO         3517    i.MPU6050_setFullScaleGyroRange  mpu6050.o
    0x080031f0   0x080031f0   0x00000012   Code   RO         3518    i.MPU6050_setI2CBypassEnabled  mpu6050.o
    0x08003202   0x08003202   0x00000012   Code   RO         3519    i.MPU6050_setI2CMasterModeEnabled  mpu6050.o
    0x08003214   0x08003214   0x00000012   Code   RO         3520    i.MPU6050_setSleepEnabled  mpu6050.o
    0x08003226   0x08003226   0x00000004   Code   RO          231    i.MemManage_Handler  stm32f10x_it.o
    0x0800322a   0x0800322a   0x00000002   Code   RO          232    i.NMI_Handler       stm32f10x_it.o
    0x0800322c   0x0800322c   0x00000070   Code   RO          343    i.NVIC_Init         misc.o
    0x0800329c   0x0800329c   0x0000000a   Code   RO         3875    i.OLED_Clear        bsp_oled.o
    0x080032a6   0x080032a6   0x0000002a   Code   RO         3876    i.OLED_Draw_Line    bsp_oled.o
    0x080032d0   0x080032d0   0x0000003c   Code   RO         3877    i.OLED_Draw_String  bsp_oled.o
    0x0800330c   0x0800330c   0x0000002c   Code   RO         3750    i.OLED_I2C_Init     bsp_oled_i2c.o
    0x08003338   0x08003338   0x0000002c   Code   RO         3753    i.OLED_IIC_Init     bsp_oled_i2c.o
    0x08003364   0x08003364   0x00000064   Code   RO         3756    i.OLED_IIC_Send_Byte  bsp_oled_i2c.o
    0x080033c8   0x080033c8   0x00000068   Code   RO         3757    i.OLED_IIC_Start    bsp_oled_i2c.o
    0x08003430   0x08003430   0x00000050   Code   RO         3758    i.OLED_IIC_Stop     bsp_oled_i2c.o
    0x08003480   0x08003480   0x00000068   Code   RO         3759    i.OLED_IIC_Wait_Ack  bsp_oled_i2c.o
    0x080034e8   0x080034e8   0x00000144   Code   RO         3878    i.OLED_Init         bsp_oled.o
    0x0800362c   0x0800362c   0x00000008   Code   RO         3879    i.OLED_Refresh      bsp_oled.o
    0x08003634   0x08003634   0x00000060   Code   RO         3767    i.OLED_i2cWrite     bsp_oled_i2c.o
    0x08003694   0x08003694   0x0000001a   Code   RO         4309    i.PWM_Ignore        app_motor.o
    0x080036ae   0x080036ae   0x00000012   Code   RO         4310    i.PWM_Limit         app_motor.o
    0x080036c0   0x080036c0   0x00000002   Code   RO          233    i.PendSV_Handler    stm32f10x_it.o
    0x080036c2   0x080036c2   0x00000002   PAD
    0x080036c4   0x080036c4   0x000003b4   Code   RO         4386    i.Protocol          app_bluetooth.o
    0x08003a78   0x08003a78   0x00000028   Code   RO         4387    i.ProtocolCpyData   app_bluetooth.o
    0x08003aa0   0x08003aa0   0x00000204   Code   RO         4388    i.ProtocolGetPID    app_bluetooth.o
    0x08003ca4   0x08003ca4   0x00000018   Code   RO         1908    i.RCC_ADCCLKConfig  stm32f10x_rcc.o
    0x08003cbc   0x08003cbc   0x00000020   Code   RO         1910    i.RCC_APB1PeriphClockCmd  stm32f10x_rcc.o
    0x08003cdc   0x08003cdc   0x00000020   Code   RO         1911    i.RCC_APB1PeriphResetCmd  stm32f10x_rcc.o
    0x08003cfc   0x08003cfc   0x00000020   Code   RO         1912    i.RCC_APB2PeriphClockCmd  stm32f10x_rcc.o
    0x08003d1c   0x08003d1c   0x00000020   Code   RO         1913    i.RCC_APB2PeriphResetCmd  stm32f10x_rcc.o
    0x08003d3c   0x08003d3c   0x000000d4   Code   RO         1920    i.RCC_GetClocksFreq  stm32f10x_rcc.o
    0x08003e10   0x08003e10   0x0000025c   Code   RO         3522    i.Read_DMP          mpu6050.o
    0x0800406c   0x0800406c   0x00000038   Code   RO         3338    i.Read_Encoder      encoder.o
    0x080040a4   0x080040a4   0x00000080   Code   RO         3523    i.Read_Temperature  mpu6050.o
    0x08004124   0x08004124   0x000000a4   Code   RO         4389    i.ResetPID          app_bluetooth.o
    0x080041c8   0x080041c8   0x000000a0   Code   RO         3882    i.SSD1306_DrawPixel  bsp_oled.o
    0x08004268   0x08004268   0x00000020   Code   RO         3884    i.SSD1306_Fill      bsp_oled.o
    0x08004288   0x08004288   0x0000000c   Code   RO         3885    i.SSD1306_GotoXY    bsp_oled.o
    0x08004294   0x08004294   0x000000a8   Code   RO         3888    i.SSD1306_Putc      bsp_oled.o
    0x0800433c   0x0800433c   0x0000002a   Code   RO         3889    i.SSD1306_Puts      bsp_oled.o
    0x08004366   0x08004366   0x00000002   PAD
    0x08004368   0x08004368   0x00000048   Code   RO         3891    i.SSD1306_UpdateScreen  bsp_oled.o
    0x080043b0   0x080043b0   0x00000002   Code   RO          234    i.SVC_Handler       stm32f10x_it.o
    0x080043b2   0x080043b2   0x00000002   PAD
    0x080043b4   0x080043b4   0x00000040   Code   RO         4390    i.SendAutoUp        app_bluetooth.o
    0x080043f4   0x080043f4   0x00000008   Code   RO          291    i.SetSysClock       system_stm32f10x.o
    0x080043fc   0x080043fc   0x000000e0   Code   RO          292    i.SetSysClockTo72   system_stm32f10x.o
    0x080044dc   0x080044dc   0x0000007c   Code   RO         4311    i.Set_Pwm           app_motor.o
    0x08004558   0x08004558   0x0000004a   Code   RO         4391    i.StringFind        app_bluetooth.o
    0x080045a2   0x080045a2   0x00000028   Code   RO          347    i.SysTick_CLKSourceConfig  misc.o
    0x080045ca   0x080045ca   0x00000002   Code   RO          235    i.SysTick_Handler   stm32f10x_it.o
    0x080045cc   0x080045cc   0x00000060   Code   RO          294    i.SystemInit        system_stm32f10x.o
    0x0800462c   0x0800462c   0x00000080   Code   RO         2528    i.TI1_Config        stm32f10x_tim.o
    0x080046ac   0x080046ac   0x00000098   Code   RO         2529    i.TI2_Config        stm32f10x_tim.o
    0x08004744   0x08004744   0x00000090   Code   RO         2530    i.TI3_Config        stm32f10x_tim.o
    0x080047d4   0x080047d4   0x00000098   Code   RO         2531    i.TI4_Config        stm32f10x_tim.o
    0x0800486c   0x0800486c   0x00000086   Code   RO         4216    i.TIM2_Cap_Init     bsp_ultrasonic.o
    0x080048f2   0x080048f2   0x00000002   PAD
    0x080048f4   0x080048f4   0x000000c0   Code   RO         4217    i.TIM2_IRQHandler   bsp_ultrasonic.o
    0x080049b4   0x080049b4   0x00000018   Code   RO         3339    i.TIM3_IRQHandler   encoder.o
    0x080049cc   0x080049cc   0x00000018   Code   RO         3340    i.TIM4_IRQHandler   encoder.o
    0x080049e4   0x080049e4   0x000000c0   Code   RO         4050    i.TIM6_IRQHandler   bsp_timer.o
    0x08004aa4   0x08004aa4   0x00000060   Code   RO         4051    i.TIM6_Init         bsp_timer.o
    0x08004b04   0x08004b04   0x00000018   Code   RO         2532    i.TIM_ARRPreloadConfig  stm32f10x_tim.o
    0x08004b1c   0x08004b1c   0x00000006   Code   RO         2538    i.TIM_ClearFlag     stm32f10x_tim.o
    0x08004b22   0x08004b22   0x00000006   Code   RO         2539    i.TIM_ClearITPendingBit  stm32f10x_tim.o
    0x08004b28   0x08004b28   0x00000018   Code   RO         2544    i.TIM_Cmd           stm32f10x_tim.o
    0x08004b40   0x08004b40   0x0000001e   Code   RO         2546    i.TIM_CtrlPWMOutputs  stm32f10x_tim.o
    0x08004b5e   0x08004b5e   0x00000002   PAD
    0x08004b60   0x08004b60   0x000001e8   Code   RO         2549    i.TIM_DeInit        stm32f10x_tim.o
    0x08004d48   0x08004d48   0x00000042   Code   RO         2553    i.TIM_EncoderInterfaceConfig  stm32f10x_tim.o
    0x08004d8a   0x08004d8a   0x00000022   Code   RO         2565    i.TIM_GetITStatus   stm32f10x_tim.o
    0x08004dac   0x08004dac   0x000000ac   Code   RO         2567    i.TIM_ICInit        stm32f10x_tim.o
    0x08004e58   0x08004e58   0x00000012   Code   RO         2568    i.TIM_ICStructInit  stm32f10x_tim.o
    0x08004e6a   0x08004e6a   0x00000012   Code   RO         2569    i.TIM_ITConfig      stm32f10x_tim.o
    0x08004e7c   0x08004e7c   0x00000098   Code   RO         2573    i.TIM_OC1Init       stm32f10x_tim.o
    0x08004f14   0x08004f14   0x00000012   Code   RO         2576    i.TIM_OC1PreloadConfig  stm32f10x_tim.o
    0x08004f26   0x08004f26   0x00000002   PAD
    0x08004f28   0x08004f28   0x000000a4   Code   RO         2578    i.TIM_OC2Init       stm32f10x_tim.o
    0x08004fcc   0x08004fcc   0x0000001a   Code   RO         2581    i.TIM_OC2PreloadConfig  stm32f10x_tim.o
    0x08004fe6   0x08004fe6   0x00000002   PAD
    0x08004fe8   0x08004fe8   0x000000a0   Code   RO         2583    i.TIM_OC3Init       stm32f10x_tim.o
    0x08005088   0x08005088   0x00000012   Code   RO         2586    i.TIM_OC3PreloadConfig  stm32f10x_tim.o
    0x0800509a   0x0800509a   0x00000002   PAD
    0x0800509c   0x0800509c   0x0000007c   Code   RO         2588    i.TIM_OC4Init       stm32f10x_tim.o
    0x08005118   0x08005118   0x0000001a   Code   RO         2590    i.TIM_OC4PreloadConfig  stm32f10x_tim.o
    0x08005132   0x08005132   0x00000004   Code   RO         2609    i.TIM_SetCounter    stm32f10x_tim.o
    0x08005136   0x08005136   0x00000012   Code   RO         2610    i.TIM_SetIC1Prescaler  stm32f10x_tim.o
    0x08005148   0x08005148   0x0000001a   Code   RO         2611    i.TIM_SetIC2Prescaler  stm32f10x_tim.o
    0x08005162   0x08005162   0x00000012   Code   RO         2612    i.TIM_SetIC3Prescaler  stm32f10x_tim.o
    0x08005174   0x08005174   0x0000001a   Code   RO         2613    i.TIM_SetIC4Prescaler  stm32f10x_tim.o
    0x0800518e   0x0800518e   0x00000002   PAD
    0x08005190   0x08005190   0x000000a4   Code   RO         2615    i.TIM_TimeBaseInit  stm32f10x_tim.o
    0x08005234   0x08005234   0x00000012   Code   RO         2616    i.TIM_TimeBaseStructInit  stm32f10x_tim.o
    0x08005246   0x08005246   0x00000002   PAD
    0x08005248   0x08005248   0x00000070   Code   RO         4312    i.Turn_Off          app_motor.o
    0x080052b8   0x080052b8   0x00000100   Code   RO         4352    i.Turn_PD           pid_control.o
    0x080053b8   0x080053b8   0x00000024   Code   RO         4170    i.UART5_IRQHandler  bsp_bluetooth.o
    0x080053dc   0x080053dc   0x00000018   Code   RO         4172    i.UART5_Send_Char   bsp_bluetooth.o
    0x080053f4   0x080053f4   0x00000024   Code   RO         3622    i.USART1_IRQHandler  usart.o
    0x08005418   0x08005418   0x00000020   Code   RO         3624    i.USART1_Send_U8    usart.o
    0x08005438   0x08005438   0x0000002c   Code   RO         4137    i.USART2_IRQHandler  bsp_usart2.o
    0x08005464   0x08005464   0x000000a0   Code   RO         4140    i.USART2_init       bsp_usart2.o
    0x08005504   0x08005504   0x000000b8   Code   RO         4252    i.USART3_51_Init    bsp_51_usart.o
    0x080055bc   0x080055bc   0x00000020   Code   RO         4253    i.USART3_51_SendByte  bsp_51_usart.o
    0x080055dc   0x080055dc   0x00000060   Code   RO         4254    i.USART3_IRQHandler  bsp_51_usart.o
    0x0800563c   0x0800563c   0x00000020   Code   RO         4174    i.USART5_Send_Byte  bsp_bluetooth.o
    0x0800565c   0x0800565c   0x0000001e   Code   RO         3077    i.USART_ClearITPendingBit  stm32f10x_usart.o
    0x0800567a   0x0800567a   0x00000018   Code   RO         3080    i.USART_Cmd         stm32f10x_usart.o
    0x08005692   0x08005692   0x0000001a   Code   RO         3083    i.USART_GetFlagStatus  stm32f10x_usart.o
    0x080056ac   0x080056ac   0x00000054   Code   RO         3084    i.USART_GetITStatus  stm32f10x_usart.o
    0x08005700   0x08005700   0x0000004a   Code   RO         3086    i.USART_ITConfig    stm32f10x_usart.o
    0x0800574a   0x0800574a   0x00000002   PAD
    0x0800574c   0x0800574c   0x000000d8   Code   RO         3087    i.USART_Init        stm32f10x_usart.o
    0x08005824   0x08005824   0x0000000a   Code   RO         3094    i.USART_ReceiveData  stm32f10x_usart.o
    0x0800582e   0x0800582e   0x00000008   Code   RO         3097    i.USART_SendData    stm32f10x_usart.o
    0x08005836   0x08005836   0x00000004   Code   RO          236    i.UsageFault_Handler  stm32f10x_it.o
    0x0800583a   0x0800583a   0x00000002   PAD
    0x0800583c   0x0800583c   0x000001a4   Code   RO         4353    i.Velocity_PI       pid_control.o
    0x080059e0   0x080059e0   0x00000020   Code   RO         5278    i.__0printf         mc_w.l(printfa.o)
    0x08005a00   0x08005a00   0x00000028   Code   RO         5280    i.__0sprintf        mc_w.l(printfa.o)
    0x08005a28   0x08005a28   0x00000028   Code   RO         5364    i.__ARM_fpclassify  m_ws.l(fpclassify.o)
    0x08005a50   0x08005a50   0x000000aa   Code   RO         5366    i.__kernel_poly     m_ws.l(poly.o)
    0x08005afa   0x08005afa   0x00000006   Code   RO         5351    i.__mathlib_dbl_infnan  m_ws.l(dunder.o)
    0x08005b00   0x08005b00   0x00000004   Code   RO         5352    i.__mathlib_dbl_infnan2  m_ws.l(dunder.o)
    0x08005b04   0x08005b04   0x0000000c   Code   RO         5353    i.__mathlib_dbl_invalid  m_ws.l(dunder.o)
    0x08005b10   0x08005b10   0x00000010   Code   RO         5356    i.__mathlib_dbl_underflow  m_ws.l(dunder.o)
    0x08005b20   0x08005b20   0x0000000c   Code   RO         5402    i.__read_errno      mc_w.l(errno.o)
    0x08005b2c   0x08005b2c   0x0000000e   Code   RO         5442    i.__scatterload_copy  mc_w.l(handlers.o)
    0x08005b3a   0x08005b3a   0x00000002   Code   RO         5443    i.__scatterload_null  mc_w.l(handlers.o)
    0x08005b3c   0x08005b3c   0x0000000e   Code   RO         5444    i.__scatterload_zeroinit  mc_w.l(handlers.o)
    0x08005b4a   0x08005b4a   0x00000002   PAD
    0x08005b4c   0x08005b4c   0x0000000c   Code   RO         5403    i.__set_errno       mc_w.l(errno.o)
    0x08005b58   0x08005b58   0x00000184   Code   RO         5285    i._fp_digits        mc_w.l(printfa.o)
    0x08005cdc   0x08005cdc   0x0000000e   Code   RO         5429    i._is_digit         mc_w.l(scanf_fp.o)
    0x08005cea   0x08005cea   0x00000002   PAD
    0x08005cec   0x08005cec   0x000006b4   Code   RO         5286    i._printf_core      mc_w.l(printfa.o)
    0x080063a0   0x080063a0   0x00000024   Code   RO         5287    i._printf_post_padding  mc_w.l(printfa.o)
    0x080063c4   0x080063c4   0x0000002e   Code   RO         5288    i._printf_pre_padding  mc_w.l(printfa.o)
    0x080063f2   0x080063f2   0x0000000a   Code   RO         5290    i._sputc            mc_w.l(printfa.o)
    0x080063fc   0x080063fc   0x000000a8   Code   RO         4478    i.accel_self_test   inv_mpu.o
    0x080064a4   0x080064a4   0x00000270   Code   RO         5005    i.asin              m_ws.l(asin.o)
    0x08006714   0x08006714   0x00000220   Code   RO         5341    i.atan              m_ws.l(atan.o)
    0x08006934   0x08006934   0x0000019c   Code   RO         5015    i.atan2             m_ws.l(atan2.o)
    0x08006ad0   0x08006ad0   0x0000002a   Code   RO         5023    i.atof              m_ws.l(atof.o)
    0x08006afa   0x08006afa   0x00000002   PAD
    0x08006afc   0x08006afc   0x000000ac   Code   RO         4175    i.bluetooth_init    bsp_bluetooth.o
    0x08006ba8   0x08006ba8   0x0000007e   Code   RO         3676    i.bsp_init          bsp.o
    0x08006c26   0x08006c26   0x00000002   PAD
    0x08006c28   0x08006c28   0x000000ac   Code   RO         4052    i.cotrol_led        bsp_timer.o
    0x08006cd4   0x08006cd4   0x00000074   Code   RO         4392    i.deal_bluetooth    app_bluetooth.o
    0x08006d48   0x08006d48   0x00000064   Code   RO         4767    i.decode_gesture    inv_mpu_dmp_motion_driver.o
    0x08006dac   0x08006dac   0x0000004c   Code   RO         3310    i.delay_init        delay.o
    0x08006df8   0x08006df8   0x0000003c   Code   RO         3311    i.delay_ms          delay.o
    0x08006e34   0x08006e34   0x00000014   Code   RO         4053    i.delay_time        bsp_timer.o
    0x08006e48   0x08006e48   0x0000003c   Code   RO         3312    i.delay_us          delay.o
    0x08006e84   0x08006e84   0x0000003c   Code   RO         4768    i.dmp_enable_6x_lp_quat  inv_mpu_dmp_motion_driver.o
    0x08006ec0   0x08006ec0   0x0000021c   Code   RO         4769    i.dmp_enable_feature  inv_mpu_dmp_motion_driver.o
    0x080070dc   0x080070dc   0x00000058   Code   RO         4770    i.dmp_enable_gyro_cal  inv_mpu_dmp_motion_driver.o
    0x08007134   0x08007134   0x0000003c   Code   RO         4771    i.dmp_enable_lp_quat  inv_mpu_dmp_motion_driver.o
    0x08007170   0x08007170   0x00000018   Code   RO         4776    i.dmp_load_motion_driver_firmware  inv_mpu_dmp_motion_driver.o
    0x08007188   0x08007188   0x000001cc   Code   RO         4777    i.dmp_read_fifo     inv_mpu_dmp_motion_driver.o
    0x08007354   0x08007354   0x00000130   Code   RO         4780    i.dmp_set_accel_bias  inv_mpu_dmp_motion_driver.o
    0x08007484   0x08007484   0x00000070   Code   RO         4781    i.dmp_set_fifo_rate  inv_mpu_dmp_motion_driver.o
    0x080074f4   0x080074f4   0x00000130   Code   RO         4782    i.dmp_set_gyro_bias  inv_mpu_dmp_motion_driver.o
    0x08007624   0x08007624   0x00000138   Code   RO         4784    i.dmp_set_orientation  inv_mpu_dmp_motion_driver.o
    0x0800775c   0x0800775c   0x00000038   Code   RO         4787    i.dmp_set_shake_reject_thresh  inv_mpu_dmp_motion_driver.o
    0x08007794   0x08007794   0x00000026   Code   RO         4788    i.dmp_set_shake_reject_time  inv_mpu_dmp_motion_driver.o
    0x080077ba   0x080077ba   0x00000026   Code   RO         4789    i.dmp_set_shake_reject_timeout  inv_mpu_dmp_motion_driver.o
    0x080077e0   0x080077e0   0x00000046   Code   RO         4790    i.dmp_set_tap_axes  inv_mpu_dmp_motion_driver.o
    0x08007826   0x08007826   0x00000026   Code   RO         4791    i.dmp_set_tap_count  inv_mpu_dmp_motion_driver.o
    0x0800784c   0x0800784c   0x000001a0   Code   RO         4792    i.dmp_set_tap_thresh  inv_mpu_dmp_motion_driver.o
    0x080079ec   0x080079ec   0x00000026   Code   RO         4793    i.dmp_set_tap_time  inv_mpu_dmp_motion_driver.o
    0x08007a12   0x08007a12   0x00000026   Code   RO         4794    i.dmp_set_tap_time_multi  inv_mpu_dmp_motion_driver.o
    0x08007a38   0x08007a38   0x0000001c   Code   RO         3626    i.fputc             usart.o
    0x08007a54   0x08007a54   0x000000b4   Code   RO         4479    i.get_accel_prod_shift  inv_mpu.o
    0x08007b08   0x08007b08   0x0000046c   Code   RO         4480    i.get_st_biases     inv_mpu.o
    0x08007f74   0x08007f74   0x00000110   Code   RO         4481    i.gyro_self_test    inv_mpu.o
    0x08008084   0x08008084   0x00000076   Code   RO         3397    i.i2cRead           ioi2c.o
    0x080080fa   0x080080fa   0x00000060   Code   RO         3398    i.i2cWrite          ioi2c.o
    0x0800815a   0x0800815a   0x00000002   PAD
    0x0800815c   0x0800815c   0x00000038   Code   RO         4017    i.init_beep         bsp_beep.o
    0x08008194   0x08008194   0x00000034   Code   RO         4038    i.init_led_gpio     bsp_led.o
    0x080081c8   0x080081c8   0x00000028   Code   RO         3524    i.inv_orientation_matrix_to_scalar  mpu6050.o
    0x080081f0   0x080081f0   0x0000004e   Code   RO         3525    i.inv_row_2_scale   mpu6050.o
    0x0800823e   0x0800823e   0x00000002   PAD
    0x08008240   0x08008240   0x000001a0   Code   RO            1    i.main              main.o
    0x080083e0   0x080083e0   0x00000070   Code   RO         4482    i.mpu_configure_fifo  inv_mpu.o
    0x08008450   0x08008450   0x0000004c   Code   RO         4483    i.mpu_get_accel_fsr  inv_mpu.o
    0x0800849c   0x0800849c   0x00000054   Code   RO         4485    i.mpu_get_accel_sens  inv_mpu.o
    0x080084f0   0x080084f0   0x00000010   Code   RO         4490    i.mpu_get_fifo_config  inv_mpu.o
    0x08008500   0x08008500   0x00000044   Code   RO         4491    i.mpu_get_gyro_fsr  inv_mpu.o
    0x08008544   0x08008544   0x00000050   Code   RO         4493    i.mpu_get_gyro_sens  inv_mpu.o
    0x08008594   0x08008594   0x00000050   Code   RO         4495    i.mpu_get_lpf       inv_mpu.o
    0x080085e4   0x080085e4   0x00000020   Code   RO         4497    i.mpu_get_sample_rate  inv_mpu.o
    0x08008604   0x08008604   0x000001f0   Code   RO         4499    i.mpu_init          inv_mpu.o
    0x080087f4   0x080087f4   0x000000b8   Code   RO         4500    i.mpu_load_firmware  inv_mpu.o
    0x080088ac   0x080088ac   0x000000e0   Code   RO         4501    i.mpu_lp_accel_mode  inv_mpu.o
    0x0800898c   0x0800898c   0x000000c0   Code   RO         4504    i.mpu_read_fifo_stream  inv_mpu.o
    0x08008a4c   0x08008a4c   0x00000080   Code   RO         4505    i.mpu_read_mem      inv_mpu.o
    0x08008acc   0x08008acc   0x000001bc   Code   RO         4508    i.mpu_reset_fifo    inv_mpu.o
    0x08008c88   0x08008c88   0x0000011c   Code   RO         4509    i.mpu_run_self_test  inv_mpu.o
    0x08008da4   0x08008da4   0x00000084   Code   RO         4511    i.mpu_set_accel_fsr  inv_mpu.o
    0x08008e28   0x08008e28   0x0000014c   Code   RO         4512    i.mpu_set_bypass    inv_mpu.o
    0x08008f74   0x08008f74   0x00000090   Code   RO         4514    i.mpu_set_dmp_state  inv_mpu.o
    0x08009004   0x08009004   0x00000088   Code   RO         4515    i.mpu_set_gyro_fsr  inv_mpu.o
    0x0800908c   0x0800908c   0x0000006c   Code   RO         4516    i.mpu_set_int_latched  inv_mpu.o
    0x080090f8   0x080090f8   0x00000084   Code   RO         4518    i.mpu_set_lpf       inv_mpu.o
    0x0800917c   0x0800917c   0x0000009c   Code   RO         4519    i.mpu_set_sample_rate  inv_mpu.o
    0x08009218   0x08009218   0x000000d0   Code   RO         4520    i.mpu_set_sensors   inv_mpu.o
    0x080092e8   0x080092e8   0x00000080   Code   RO         4521    i.mpu_write_mem     inv_mpu.o
    0x08009368   0x08009368   0x000000b4   Code   RO         4979    i.mul               kf.o
    0x0800941c   0x0800941c   0x00000016   Code   RO         4054    i.my_delay          bsp_timer.o
    0x08009432   0x08009432   0x0000000e   Code   RO         4354    i.myabs             pid_control.o
    0x08009440   0x08009440   0x00000002   Code   RO         4522    i.myget_ms          inv_mpu.o
    0x08009442   0x08009442   0x00000002   PAD
    0x08009444   0x08009444   0x00000054   Code   RO         4055    i.power_decect      bsp_timer.o
    0x08009498   0x08009498   0x00000090   Code   RO         3526    i.run_self_test     mpu6050.o
    0x08009528   0x08009528   0x00000090   Code   RO         4523    i.set_int_enable    inv_mpu.o
    0x080095b8   0x080095b8   0x0000004c   Code   RO         5370    i.sqrt              m_ws.l(sqrt.o)
    0x08009604   0x08009604   0x00000014   Code   RO         3892    i.ssd1306_I2C_Write  bsp_oled.o
    0x08009618   0x08009618   0x0000001c   Code   RO         3893    i.ssd1306_I2C_WriteMulti  bsp_oled.o
    0x08009634   0x08009634   0x000000a0   Code   RO         3627    i.uart_init         usart.o
    0x080096d4   0x080096d4   0x00000044   Code   RO         4218    i.ultrasonic_init   bsp_ultrasonic.o
    0x08009718   0x08009718   0x00002814   Data   RO         4001    .constdata          oled_fonts.o
    0x0800bf2c   0x0800bf2c   0x00000050   Data   RO         4524    .constdata          inv_mpu.o
    0x0800bf7c   0x0800bf7c   0x00000bf6   Data   RO         4796    .constdata          inv_mpu_dmp_motion_driver.o
    0x0800cb72   0x0800cb72   0x00000002   PAD
    0x0800cb74   0x0800cb74   0x000000b8   Data   RO         4981    .constdata          kf.o
    0x0800cc2c   0x0800cc2c   0x00000004   PAD
    0x0800cc30   0x0800cc30   0x00000050   Data   RO         5006    .constdata          m_ws.l(asin.o)
    0x0800cc80   0x0800cc80   0x00000098   Data   RO         5342    .constdata          m_ws.l(atan.o)
    0x0800cd18   0x0800cd18   0x00000008   Data   RO         5368    .constdata          m_ws.l(qnan.o)
    0x0800cd20   0x0800cd20   0x00000040   Data   RO         5436    .constdata          mc_w.l(ctype_c.o)
    0x0800cd60   0x0800cd60   0x0000004e   Data   RO         4525    .conststring        inv_mpu.o
    0x0800cdae   0x0800cdae   0x00000002   PAD
    0x0800cdb0   0x0800cdb0   0x00000020   Data   RO         5440    Region$$Table       anon$$obj.o


    Execution Region RW_IRAM1 (Exec base: 0x20000000, Load base: 0x0800cdd0, Size: 0x00000ac0, Max: 0x00020000, ABSOLUTE, COMPRESSED[0x0000008c])

    Exec Addr    Load Addr    Size         Type   Attr      Idx    E Section Name        Object

    0x20000000   COMPRESSED   0x00000034   Data   RW            3    .data               main.o
    0x20000034   COMPRESSED   0x00000014   Data   RW          295    .data               system_stm32f10x.o
    0x20000048   COMPRESSED   0x00000014   Data   RW         1940    .data               stm32f10x_rcc.o
    0x2000005c   COMPRESSED   0x00000004   Data   RW         3313    .data               delay.o
    0x20000060   COMPRESSED   0x0000003c   Data   RW         3528    .data               mpu6050.o
    0x2000009c   COMPRESSED   0x00000004   Data   RW         3628    .data               usart.o
    0x200000a0   COMPRESSED   0x00000006   Data   RW         3895    .data               bsp_oled.o
    0x200000a6   COMPRESSED   0x00000002   PAD
    0x200000a8   COMPRESSED   0x00000018   Data   RW         4002    .data               oled_fonts.o
    0x200000c0   COMPRESSED   0x00000011   Data   RW         4056    .data               bsp_timer.o
    0x200000d1   COMPRESSED   0x00000001   PAD
    0x200000d2   COMPRESSED   0x00000004   Data   RW         4104    .data               bsp_key.o
    0x200000d6   COMPRESSED   0x00000002   PAD
    0x200000d8   COMPRESSED   0x00000008   Data   RW         4219    .data               bsp_ultrasonic.o
    0x200000e0   COMPRESSED   0x00000002   Data   RW         4255    .data               bsp_51_usart.o
    0x200000e2   COMPRESSED   0x00000002   PAD
    0x200000e4   COMPRESSED   0x00000005   Data   RW         4285    .data               app_control.o
    0x200000e9   COMPRESSED   0x00000003   PAD
    0x200000ec   COMPRESSED   0x00000008   Data   RW         4313    .data               app_motor.o
    0x200000f4   COMPRESSED   0x00000048   Data   RW         4355    .data               pid_control.o
    0x2000013c   COMPRESSED   0x00000054   Data   RW         4394    .data               app_bluetooth.o
    0x20000190   COMPRESSED   0x00000003   Data   RW         4459    .data               app_k210.o
    0x20000193   COMPRESSED   0x00000001   PAD
    0x20000194   COMPRESSED   0x0000002c   Data   RW         4526    .data               inv_mpu.o
    0x200001c0   COMPRESSED   0x00000084   Data   RW         4948    .data               filter.o
    0x20000244   COMPRESSED   0x00000050   Data   RW         4982    .data               kf.o
    0x20000294   COMPRESSED   0x00000004   Data   RW         5404    .data               mc_w.l(errno.o)
    0x20000298        -       0x00000014   Zero   RW            2    .bss                main.o
    0x200002ac        -       0x00000200   Zero   RW         3894    .bss                bsp_oled.o
    0x200004ac        -       0x000001d0   Zero   RW         4393    .bss                app_bluetooth.o
    0x2000067c        -       0x00000014   Zero   RW         4458    .bss                app_k210.o
    0x20000690        -       0x00000010   Zero   RW         4795    .bss                inv_mpu_dmp_motion_driver.o
    0x200006a0        -       0x00000020   Zero   RW         4980    .bss                kf.o
    0x200006c0        -       0x00000400   Zero   RW          336    STACK               startup_stm32f10x_hd.o


==============================================================================

Image component sizes


      Code (inc. data)   RO Data    RW Data    ZI Data      Debug   Object Name

      2678        454          0         84        464       9847   app_bluetooth.o
      1216        108          0          5          0       2763   app_control.o
       380         80          0          3         20       2375   app_k210.o
       548         68          0          8          0       4237   app_motor.o
       214         18          0          0          0       1961   bsp.o
       312         30          0          2          0       2610   bsp_51_usart.o
       268         26          0          0          0       2845   bsp_battery.o
        56         10          0          0          0        644   bsp_beep.o
       264         22          0          0          0       2925   bsp_bluetooth.o
       144         22          0          4          0       2406   bsp_key.o
        52          8          0          0          0        652   bsp_led.o
       978         38          0          6        512      11538   bsp_oled.o
       610         76          0          0          0       7100   bsp_oled_i2c.o
       586         96          0         17          0       4735   bsp_timer.o
       510         34          0          8          0       3453   bsp_ultrasonic.o
       204         12          0          0          0       1534   bsp_usart2.o
         0          0          0          0          0         32   core_cm3.o
       196         24          0          4          0       2311   delay.o
       416         38          0          0          0       5495   encoder.o
       192         28          0        132          0       4083   filter.o
       112          4          0          0          0        772   intsever.o
      5874        278        158         44          0      31474   inv_mpu.o
      3096        122       3062          0         16      23438   inv_mpu_dmp_motion_driver.o
      1254         92          0          0          0      13059   ioi2c.o
      1572         86        184         80         32       4356   kf.o
       416        108          0         52         20     269363   main.o
       152         12          0          0          0       1926   misc.o
       216         10          0          0          0       1542   motor.o
      1676        396          0         60          0      26275   mpu6050.o
         0          0      10260         24          0       1639   oled_fonts.o
       850        156          0         72          0       4098   pid_control.o
        36          8        304          0       1024        916   startup_stm32f10x_hd.o
       486         24          0          0          0      10166   stm32f10x_adc.o
       148          6          0          0          0       1224   stm32f10x_exti.o
       504         10          0          0          0       4684   stm32f10x_gpio.o
        26          0          0          0          0       5062   stm32f10x_it.o
       364         50          0         20          0       7191   stm32f10x_rcc.o
      2424        264          0          0          0      23650   stm32f10x_tim.o
       472          6          0          0          0       7971   stm32f10x_usart.o
       328         28          0         20          0       2929   system_stm32f10x.o
       256         20          0          4          0       4891   usart.o

    ----------------------------------------------------------------------
     30130       2872      14008        660       2088     520172   Object Totals
         0          0         32          0          0          0   (incl. Generated)
        44          0          8         11          0          0   (incl. Padding)

    ----------------------------------------------------------------------

      Code (inc. data)   RO Data    RW Data    ZI Data      Debug   Library Member Name

       624         52         80          0          0        168   asin.o
       544         70        152          0          0        124   atan.o
       412         38          0          0          0        144   atan2.o
        42          0          0          0          0         84   atof.o
        38          6          0          0          0        272   dunder.o
        40          0          0          0          0         68   fpclassify.o
       170          0          0          0          0         96   poly.o
         0          0          8          0          0          0   qnan.o
        76          0          0          0          0         84   sqrt.o
        86          0          0          0          0          0   __dczerorl2.o
        64          0          0          0          0         84   _sgetc.o
        40          6         64          0          0         68   ctype_c.o
         0          0          0          0          0          0   entry.o
         0          0          0          0          0          0   entry10a.o
         0          0          0          0          0          0   entry11a.o
         4          0          0          0          0          0   entry12b.o
         8          4          0          0          0          0   entry2.o
         4          0          0          0          0          0   entry5.o
         0          0          0          0          0          0   entry7b.o
         0          0          0          0          0          0   entry8b.o
         8          4          0          0          0          0   entry9a.o
        24         12          0          4          0        136   errno.o
        30          0          0          0          0          0   handlers.o
        36          8          0          0          0         68   init.o
        10          0          0          0          0         68   isspace_c.o
         0          0          0          0          0          0   iusefp.o
        98          0          0          0          0         84   ldiv.o
        30          0          0          0          0         68   llshl.o
        36          0          0          0          0         68   llsshr.o
        32          0          0          0          0         68   llushr.o
        26          0          0          0          0         80   memcmp.o
        36          0          0          0          0         68   memcpya.o
        36          0          0          0          0        108   memseta.o
      2268         96          0          0          0        616   printfa.o
       878         12          0          0          0        216   scanf_fp.o
        24          0          0          0          0         68   strcat.o
        28          0          0          0          0         76   strcmp.o
        14          0          0          0          0         68   strlen.o
       156         12          0          0          0        120   strtod.o
        44          0          0          0          0         80   uidiv.o
        98          0          0          0          0         92   uldiv.o
        48          0          0          0          0         68   cdcmple.o
        48          0          0          0          0         68   cdrcmple.o
        20          0          0          0          0         68   cfcmple.o
        20          0          0          0          0         68   cfrcmple.o
        56          0          0          0          0         88   d2f.o
       334          0          0          0          0        148   dadd.o
       222          0          0          0          0        100   ddiv.o
       186          0          0          0          0        176   depilogue.o
        48          0          0          0          0         68   dfixul.o
        34          0          0          0          0         76   dflti.o
        26          0          0          0          0         76   dfltui.o
        24          0          0          0          0         76   dfltul.o
       228          0          0          0          0         96   dmul.o
        46          0          0          0          0         80   dscalb.o
       162          0          0          0          0        100   dsqrt.o
        38          0          0          0          0         68   f2d.o
       176          0          0          0          0        140   fadd.o
       124          0          0          0          0         88   fdiv.o
       110          0          0          0          0        168   fepilogue.o
        50          0          0          0          0         68   ffixi.o
        40          0          0          0          0         68   ffixui.o
        18          0          0          0          0         68   fflti.o
        10          0          0          0          0         68   ffltui.o
       100          0          0          0          0         76   fmul.o

    ----------------------------------------------------------------------
      8246        320        304          4          0       5512   Library Totals
        14          0          0          0          0          0   (incl. Padding)

    ----------------------------------------------------------------------

      Code (inc. data)   RO Data    RW Data    ZI Data      Debug   Library Name

      1946        166        240          0          0       1040   m_ws.l
      4118        154         64          4          0       2304   mc_w.l
      2168          0          0          0          0       2168   mf_w.l

    ----------------------------------------------------------------------
      8246        320        304          4          0       5512   Library Totals

    ----------------------------------------------------------------------

==============================================================================


      Code (inc. data)   RO Data    RW Data    ZI Data      Debug   

     38376       3192      14312        664       2088     510212   Grand Totals
     38376       3192      14312        140       2088     510212   ELF Image Totals (compressed)
     38376       3192      14312        140          0          0   ROM Totals

==============================================================================

    Total RO  Size (Code + RO Data)                52688 (  51.45kB)
    Total RW  Size (RW Data + ZI Data)              2752 (   2.69kB)
    Total ROM Size (Code + RO Data + RW Data)      52828 (  51.59kB)

==============================================================================

